Component: ARM Compiler 5.06 update 7 (build 960) Tool: armlink [4d3601]

==============================================================================

Section Cross References

    startup_stm32f103xe.o(STACK) refers (Special) to heapauxi.o(.text) for __use_two_region_memory
    startup_stm32f103xe.o(HEAP) refers (Special) to heapauxi.o(.text) for __use_two_region_memory
    startup_stm32f103xe.o(RESET) refers (Special) to heapauxi.o(.text) for __use_two_region_memory
    startup_stm32f103xe.o(RESET) refers to startup_stm32f103xe.o(STACK) for __initial_sp
    startup_stm32f103xe.o(RESET) refers to startup_stm32f103xe.o(.text) for Reset_Handler
    startup_stm32f103xe.o(RESET) refers to stm32f1xx_it.o(i.NMI_Handler) for NMI_Handler
    startup_stm32f103xe.o(RESET) refers to stm32f1xx_it.o(i.HardFault_Handler) for HardFault_Handler
    startup_stm32f103xe.o(RESET) refers to stm32f1xx_it.o(i.MemManage_Handler) for MemManage_Handler
    startup_stm32f103xe.o(RESET) refers to stm32f1xx_it.o(i.BusFault_Handler) for BusFault_Handler
    startup_stm32f103xe.o(RESET) refers to stm32f1xx_it.o(i.UsageFault_Handler) for UsageFault_Handler
    startup_stm32f103xe.o(RESET) refers to stm32f1xx_it.o(i.SVC_Handler) for SVC_Handler
    startup_stm32f103xe.o(RESET) refers to stm32f1xx_it.o(i.DebugMon_Handler) for DebugMon_Handler
    startup_stm32f103xe.o(RESET) refers to stm32f1xx_it.o(i.PendSV_Handler) for PendSV_Handler
    startup_stm32f103xe.o(RESET) refers to stm32f1xx_it.o(i.SysTick_Handler) for SysTick_Handler
    startup_stm32f103xe.o(RESET) refers to stm32f1xx_it.o(i.DMA1_Channel2_IRQHandler) for DMA1_Channel2_IRQHandler
    startup_stm32f103xe.o(RESET) refers to stm32f1xx_it.o(i.DMA1_Channel3_IRQHandler) for DMA1_Channel3_IRQHandler
    startup_stm32f103xe.o(RESET) refers to stm32f1xx_it.o(i.DMA1_Channel4_IRQHandler) for DMA1_Channel4_IRQHandler
    startup_stm32f103xe.o(RESET) refers to stm32f1xx_it.o(i.DMA1_Channel5_IRQHandler) for DMA1_Channel5_IRQHandler
    startup_stm32f103xe.o(RESET) refers to stm32f1xx_it.o(i.DMA1_Channel6_IRQHandler) for DMA1_Channel6_IRQHandler
    startup_stm32f103xe.o(RESET) refers to stm32f1xx_it.o(i.DMA1_Channel7_IRQHandler) for DMA1_Channel7_IRQHandler
    startup_stm32f103xe.o(RESET) refers to stm32f1xx_it.o(i.TIM2_IRQHandler) for TIM2_IRQHandler
    startup_stm32f103xe.o(RESET) refers to stm32f1xx_it.o(i.TIM3_IRQHandler) for TIM3_IRQHandler
    startup_stm32f103xe.o(RESET) refers to stm32f1xx_it.o(i.TIM4_IRQHandler) for TIM4_IRQHandler
    startup_stm32f103xe.o(RESET) refers to stm32f1xx_it.o(i.USART1_IRQHandler) for USART1_IRQHandler
    startup_stm32f103xe.o(RESET) refers to stm32f1xx_it.o(i.USART2_IRQHandler) for USART2_IRQHandler
    startup_stm32f103xe.o(RESET) refers to stm32f1xx_it.o(i.USART3_IRQHandler) for USART3_IRQHandler
    startup_stm32f103xe.o(RESET) refers to stm32f1xx_it.o(i.UART4_IRQHandler) for UART4_IRQHandler
    startup_stm32f103xe.o(RESET) refers to stm32f1xx_it.o(i.UART5_IRQHandler) for UART5_IRQHandler
    startup_stm32f103xe.o(RESET) refers to stm32f1xx_it.o(i.DMA2_Channel3_IRQHandler) for DMA2_Channel3_IRQHandler
    startup_stm32f103xe.o(RESET) refers to stm32f1xx_it.o(i.DMA2_Channel4_5_IRQHandler) for DMA2_Channel4_5_IRQHandler
    startup_stm32f103xe.o(.text) refers (Special) to heapauxi.o(.text) for __use_two_region_memory
    startup_stm32f103xe.o(.text) refers to system_stm32f1xx.o(i.SystemInit) for SystemInit
    startup_stm32f103xe.o(.text) refers to __main.o(!!!main) for __main
    startup_stm32f103xe.o(.text) refers to startup_stm32f103xe.o(HEAP) for Heap_Mem
    startup_stm32f103xe.o(.text) refers to startup_stm32f103xe.o(STACK) for Stack_Mem
    myiic.o(i.IIC_Ack) refers to stm32f1xx_hal_gpio.o(i.HAL_GPIO_WritePin) for HAL_GPIO_WritePin
    myiic.o(i.IIC_Ack) refers to stm32f1xx_hal.o(i.HAL_Delay) for HAL_Delay
    myiic.o(i.IIC_Init) refers to stm32f1xx_hal_gpio.o(i.HAL_GPIO_WritePin) for HAL_GPIO_WritePin
    myiic.o(i.IIC_Init) refers to stm32f1xx_hal_gpio.o(i.HAL_GPIO_Init) for HAL_GPIO_Init
    myiic.o(i.IIC_NAck) refers to stm32f1xx_hal_gpio.o(i.HAL_GPIO_WritePin) for HAL_GPIO_WritePin
    myiic.o(i.IIC_NAck) refers to stm32f1xx_hal.o(i.HAL_Delay) for HAL_Delay
    myiic.o(i.IIC_Read_Byte) refers to stm32f1xx_hal_gpio.o(i.HAL_GPIO_WritePin) for HAL_GPIO_WritePin
    myiic.o(i.IIC_Read_Byte) refers to stm32f1xx_hal.o(i.HAL_Delay) for HAL_Delay
    myiic.o(i.IIC_Read_Byte) refers to stm32f1xx_hal_gpio.o(i.HAL_GPIO_ReadPin) for HAL_GPIO_ReadPin
    myiic.o(i.IIC_Read_Byte) refers to myiic.o(i.IIC_Ack) for IIC_Ack
    myiic.o(i.IIC_Read_Byte) refers to myiic.o(i.IIC_NAck) for IIC_NAck
    myiic.o(i.IIC_Send_Byte) refers to stm32f1xx_hal_gpio.o(i.HAL_GPIO_WritePin) for HAL_GPIO_WritePin
    myiic.o(i.IIC_Send_Byte) refers to stm32f1xx_hal.o(i.HAL_Delay) for HAL_Delay
    myiic.o(i.IIC_Start) refers to stm32f1xx_hal_gpio.o(i.HAL_GPIO_WritePin) for HAL_GPIO_WritePin
[...]
    .ARM.Collect$$libinit$$00000011          0x080001a6   Section        0  libinit2.o(.ARM.Collect$$libinit$$00000011)
    .ARM.Collect$$libinit$$00000013          0x080001a6   Section        0  libinit2.o(.ARM.Collect$$libinit$$00000013)
    .ARM.Collect$$libinit$$00000015          0x080001a6   Section        0  libinit2.o(.ARM.Collect$$libinit$$00000015)
    .ARM.Collect$$libinit$$00000017          0x080001a6   Section        0  libinit2.o(.ARM.Collect$$libinit$$00000017)
    .ARM.Collect$$libinit$$00000019          0x080001a6   Section        0  libinit2.o(.ARM.Collect$$libinit$$00000019)
    .ARM.Collect$$libinit$$0000001B          0x080001a6   Section        0  libinit2.o(.ARM.Collect$$libinit$$0000001B)
    .ARM.Collect$$libinit$$0000001D          0x080001a6   Section        0  libinit2.o(.ARM.Collect$$libinit$$0000001D)
    .ARM.Collect$$libinit$$0000001F          0x080001a6   Section        0  libinit2.o(.ARM.Collect$$libinit$$0000001F)
    .ARM.Collect$$libinit$$00000021          0x080001a6   Section        0  libinit2.o(.ARM.Collect$$libinit$$00000021)
    .ARM.Collect$$libinit$$00000023          0x080001a6   Section        0  libinit2.o(.ARM.Collect$$libinit$$00000023)
    .ARM.Collect$$libinit$$00000025          0x080001a6   Section        0  libinit2.o(.ARM.Collect$$libinit$$00000025)
    .ARM.Collect$$libinit$$0000002C          0x080001a6   Section        0  libinit2.o(.ARM.Collect$$libinit$$0000002C)
    .ARM.Collect$$libinit$$0000002E          0x080001a6   Section        0  libinit2.o(.ARM.Collect$$libinit$$0000002E)
    .ARM.Collect$$libinit$$00000030          0x080001a6   Section        0  libinit2.o(.ARM.Collect$$libinit$$00000030)
    .ARM.Collect$$libinit$$00000032          0x080001a6   Section        0  libinit2.o(.ARM.Collect$$libinit$$00000032)
    .ARM.Collect$$libinit$$00000033          0x080001a6   Section        2  libinit2.o(.ARM.Collect$$libinit$$00000033)
    .ARM.Collect$$libshutdown$$00000000      0x080001a8   Section        2  libshutdown.o(.ARM.Collect$$libshutdown$$00000000)
    .ARM.Collect$$libshutdown$$00000002      0x080001aa   Section        0  libshutdown2.o(.ARM.Collect$$libshutdown$$00000002)
    .ARM.Collect$$libshutdown$$00000004      0x080001aa   Section        0  libshutdown2.o(.ARM.Collect$$libshutdown$$00000004)
    .ARM.Collect$$libshutdown$$00000006      0x080001aa   Section        0  libshutdown2.o(.ARM.Collect$$libshutdown$$00000006)
    .ARM.Collect$$libshutdown$$00000009      0x080001aa   Section        0  libshutdown2.o(.ARM.Collect$$libshutdown$$00000009)
    .ARM.Collect$$libshutdown$$0000000C      0x080001aa   Section        0  libshutdown2.o(.ARM.Collect$$libshutdown$$0000000C)
    .ARM.Collect$$libshutdown$$0000000E      0x080001aa   Section        0  libshutdown2.o(.ARM.Collect$$libshutdown$$0000000E)
    .ARM.Collect$$libshutdown$$00000011      0x080001aa   Section        0  libshutdown2.o(.ARM.Collect$$libshutdown$$00000011)
    .ARM.Collect$$libshutdown$$00000012      0x080001aa   Section        2  libshutdown2.o(.ARM.Collect$$libshutdown$$00000012)
    .ARM.Collect$$rtentry$$00000000          0x080001ac   Section        0  __rtentry.o(.ARM.Collect$$rtentry$$00000000)
    .ARM.Collect$$rtentry$$00000002          0x080001ac   Section        0  __rtentry2.o(.ARM.Collect$$rtentry$$00000002)
    .ARM.Collect$$rtentry$$00000004          0x080001ac   Section        6  __rtentry4.o(.ARM.Collect$$rtentry$$00000004)
    .ARM.Collect$$rtentry$$00000009          0x080001b2   Section        0  __rtentry2.o(.ARM.Collect$$rtentry$$00000009)
    .ARM.Collect$$rtentry$$0000000A          0x080001b2   Section        4  __rtentry2.o(.ARM.Collect$$rtentry$$0000000A)
    .ARM.Collect$$rtentry$$0000000C          0x080001b6   Section        0  __rtentry2.o(.ARM.Collect$$rtentry$$0000000C)
    .ARM.Collect$$rtentry$$0000000D          0x080001b6   Section        8  __rtentry2.o(.ARM.Collect$$rtentry$$0000000D)
    .ARM.Collect$$rtexit$$00000000           0x080001be   Section        2  rtexit.o(.ARM.Collect$$rtexit$$00000000)
    .ARM.Collect$$rtexit$$00000002           0x080001c0   Section        0  rtexit2.o(.ARM.Collect$$rtexit$$00000002)
    .ARM.Collect$$rtexit$$00000003           0x080001c0   Section        4  rtexit2.o(.ARM.Collect$$rtexit$$00000003)
    .ARM.Collect$$rtexit$$00000004           0x080001c4   Section        6  rtexit2.o(.ARM.Collect$$rtexit$$00000004)
    .text                                    0x080001cc   Section       64  startup_stm32f103xe.o(.text)
    .text                                    0x0800020c   Section       68  rt_memclr.o(.text)
    .text                                    0x08000250   Section       78  rt_memclr_w.o(.text)
    .text                                    0x0800029e   Section        0  heapauxi.o(.text)
    .text                                    0x080002a4   Section       74  sys_stackheap_outer.o(.text)
    .text                                    0x080002ee   Section        0  exit.o(.text)
    .text                                    0x08000300   Section        8  libspace.o(.text)
    .text                                    0x08000308   Section        0  sys_exit.o(.text)
    .text                                    0x08000314   Section        2  use_no_semi.o(.text)
    .text                                    0x08000316   Section        0  indicate_semi.o(.text)
    i.BusFault_Handler                       0x08000316   Section        0  stm32f1xx_it.o(i.BusFault_Handler)
    i.DMA1_Channel2_IRQHandler               0x08000318   Section        0  stm32f1xx_it.o(i.DMA1_Channel2_IRQHandler)
    i.DMA1_Channel3_IRQHandler               0x08000324   Section        0  stm32f1xx_it.o(i.DMA1_Channel3_IRQHandler)
    i.DMA1_Channel4_IRQHandler               0x08000330   Section        0  stm32f1xx_it.o(i.DMA1_Channel4_IRQHandler)
    i.DMA1_Channel5_IRQHandler               0x0800033c   Section        0  stm32f1xx_it.o(i.DMA1_Channel5_IRQHandler)
    i.DMA1_Channel6_IRQHandler               0x08000348   Section        0  stm32f1xx_it.o(i.DMA1_Channel6_IRQHandler)
    i.DMA1_Channel7_IRQHandler               0x08000354   Section        0  stm32f1xx_it.o(i.DMA1_Channel7_IRQHandler)
    i.DMA2_Channel3_IRQHandler               0x08000360   Section        0  stm32f1xx_it.o(i.DMA2_Channel3_IRQHandler)
    i.DMA2_Channel4_5_IRQHandler             0x0800036c   Section        0  stm32f1xx_it.o(i.DMA2_Channel4_5_IRQHandler)
    i.DMA_SetConfig                          0x08000378   Section        0  stm32f1xx_hal_dma.o(i.DMA_SetConfig)
    DMA_SetConfig                            0x08000379   Thumb Code    42  stm32f1xx_hal_dma.o(i.DMA_SetConfig)
    i.DebugMon_Handler                       0x080003a2   Section        0  stm32f1xx_it.o(i.DebugMon_Handler)
    i.Error_Handler                          0x080003a4   Section        0  main.o(i.Error_Handler)
    i.HAL_DMA_Abort                          0x080003a8   Section        0  stm32f1xx_hal_dma.o(i.HAL_DMA_Abort)
    i.HAL_DMA_Abort_IT                       0x080003f0   Section        0  stm32f1xx_hal_dma.o(i.HAL_DMA_Abort_IT)
    i.HAL_DMA_IRQHandler                     0x08000520   Section        0  stm32f1xx_hal_dma.o(i.HAL_DMA_IRQHandler)
    i.HAL_DMA_Init                           0x08000768   Section        0  stm32f1xx_hal_dma.o(i.HAL_DMA_Init)
    i.HAL_DMA_Start_IT                       0x080007e4   Section        0  stm32f1xx_hal_dma.o(i.HAL_DMA_Start_IT)
    i.HAL_Delay                              0x08000854   Section        0  stm32f1xx_hal.o(i.HAL_Delay)
    i.HAL_GPIO_Init                          0x08000878   Section        0  stm32f1xx_hal_gpio.o(i.HAL_GPIO_Init)
    i.HAL_GPIO_ReadPin                       0x08000a70   Section        0  stm32f1xx_hal_gpio.o(i.HAL_GPIO_ReadPin)
    i.HAL_GPIO_TogglePin                     0x08000a7a   Section        0  stm32f1xx_hal_gpio.o(i.HAL_GPIO_TogglePin)
    i.HAL_GPIO_WritePin                      0x08000a8a   Section        0  stm32f1xx_hal_gpio.o(i.HAL_GPIO_WritePin)
    i.HAL_GetTick                            0x08000a94   Section        0  stm32f1xx_hal.o(i.HAL_GetTick)
    i.HAL_IncTick                            0x08000aa0   Section        0  stm32f1xx_hal.o(i.HAL_IncTick)
    i.HAL_Init                               0x08000ab0   Section        0  stm32f1xx_hal.o(i.HAL_Init)
    i.HAL_InitTick                           0x08000ad4   Section        0  stm32f1xx_hal.o(i.HAL_InitTick)
    i.HAL_MspInit                            0x08000b14   Section        0  stm32f1xx_hal_msp.o(i.HAL_MspInit)
    i.HAL_NVIC_EnableIRQ                     0x08000b50   Section        0  stm32f1xx_hal_cortex.o(i.HAL_NVIC_EnableIRQ)
    i.HAL_NVIC_SetPriority                   0x08000b6c   Section        0  stm32f1xx_hal_cortex.o(i.HAL_NVIC_SetPriority)
    i.HAL_NVIC_SetPriorityGrouping           0x08000bac   Section        0  stm32f1xx_hal_cortex.o(i.HAL_NVIC_SetPriorityGrouping)
    i.HAL_RCC_ClockConfig                    0x08000bd0   Section        0  stm32f1xx_hal_rcc.o(i.HAL_RCC_ClockConfig)
    i.HAL_RCC_GetPCLK1Freq                   0x08000cfc   Section        0  stm32f1xx_hal_rcc.o(i.HAL_RCC_GetPCLK1Freq)
    i.HAL_RCC_GetPCLK2Freq                   0x08000d1c   Section        0  stm32f1xx_hal_rcc.o(i.HAL_RCC_GetPCLK2Freq)
    i.HAL_RCC_GetSysClockFreq                0x08000d3c   Section        0  stm32f1xx_hal_rcc.o(i.HAL_RCC_GetSysClockFreq)
    i.HAL_RCC_OscConfig                      0x08000da8   Section        0  stm32f1xx_hal_rcc.o(i.HAL_RCC_OscConfig)
    i.HAL_SYSTICK_Config                     0x080010c8   Section        0  stm32f1xx_hal_cortex.o(i.HAL_SYSTICK_Config)
    i.HAL_TIMEx_BreakCallback                0x080010f0   Section        0  stm32f1xx_hal_tim_ex.o(i.HAL_TIMEx_BreakCallback)
    i.HAL_TIMEx_CommutCallback               0x080010f2   Section        0  stm32f1xx_hal_tim_ex.o(i.HAL_TIMEx_CommutCallback)
    i.HAL_TIMEx_ConfigBreakDeadTime          0x080010f4   Section        0  stm32f1xx_hal_tim_ex.o(i.HAL_TIMEx_ConfigBreakDeadTime)
    i.HAL_TIMEx_MasterConfigSynchronization  0x08001148   Section        0  stm32f1xx_hal_tim_ex.o(i.HAL_TIMEx_MasterConfigSynchronization)
    i.HAL_TIM_Base_Init                      0x080011c4   Section        0  stm32f1xx_hal_tim.o(i.HAL_TIM_Base_Init)
    i.HAL_TIM_Base_MspInit                   0x08001220   Section        0  tim.o(i.HAL_TIM_Base_MspInit)
    i.HAL_TIM_Base_Start_IT                  0x08001274   Section        0  stm32f1xx_hal_tim.o(i.HAL_TIM_Base_Start_IT)
    i.HAL_TIM_ConfigClockSource              0x080012e0   Section        0  stm32f1xx_hal_tim.o(i.HAL_TIM_ConfigClockSource)
    i.HAL_TIM_Encoder_Init                   0x080013b6   Section        0  stm32f1xx_hal_tim.o(i.HAL_TIM_Encoder_Init)
    i.HAL_TIM_Encoder_MspInit                0x0800145c   Section        0  tim.o(i.HAL_TIM_Encoder_MspInit)
    i.HAL_TIM_Encoder_Start                  0x08001500   Section        0  stm32f1xx_hal_tim.o(i.HAL_TIM_Encoder_Start)
    i.HAL_TIM_IC_CaptureCallback             0x0800158e   Section        0  stm32f1xx_hal_tim.o(i.HAL_TIM_IC_CaptureCallback)
    i.HAL_TIM_IRQHandler                     0x08001590   Section        0  stm32f1xx_hal_tim.o(i.HAL_TIM_IRQHandler)
    i.HAL_TIM_MspPostInit                    0x080016f8   Section        0  tim.o(i.HAL_TIM_MspPostInit)
    i.HAL_TIM_OC_DelayElapsedCallback        0x0800175c   Section        0  stm32f1xx_hal_tim.o(i.HAL_TIM_OC_DelayElapsedCallback)
    i.HAL_TIM_PWM_ConfigChannel              0x0800175e   Section        0  stm32f1xx_hal_tim.o(i.HAL_TIM_PWM_ConfigChannel)
    i.HAL_TIM_PWM_Init                       0x08001824   Section        0  stm32f1xx_hal_tim.o(i.HAL_TIM_PWM_Init)
    i.HAL_TIM_PWM_MspInit                    0x0800187e   Section        0  stm32f1xx_hal_tim.o(i.HAL_TIM_PWM_MspInit)
    i.HAL_TIM_PWM_PulseFinishedCallback      0x08001880   Section        0  stm32f1xx_hal_tim.o(i.HAL_TIM_PWM_PulseFinishedCallback)
    i.HAL_TIM_PWM_Start                      0x08001884   Section        0  stm32f1xx_hal_tim.o(i.HAL_TIM_PWM_Start)
    i.HAL_TIM_PeriodElapsedCallback          0x08001938   Section        0  stm32f1xx_hal_tim.o(i.HAL_TIM_PeriodElapsedCallback)
    i.HAL_TIM_TriggerCallback                0x0800193a   Section        0  stm32f1xx_hal_tim.o(i.HAL_TIM_TriggerCallback)
    i.HAL_UARTEx_RxEventCallback             0x0800193c   Section        0  stm32f1xx_hal_uart.o(i.HAL_UARTEx_RxEventCallback)
    i.HAL_UART_DMAStop                       0x0800193e   Section        0  stm32f1xx_hal_uart.o(i.HAL_UART_DMAStop)
    i.HAL_UART_ErrorCallback                 0x08001996   Section        0  stm32f1xx_hal_uart.o(i.HAL_UART_ErrorCallback)
    i.HAL_UART_IRQHandler                    0x08001998   Section        0  stm32f1xx_hal_uart.o(i.HAL_UART_IRQHandler)
    i.HAL_UART_Init                          0x08001ba4   Section        0  stm32f1xx_hal_uart.o(i.HAL_UART_Init)
    i.HAL_UART_MspInit                       0x08001c08   Section        0  usart.o(i.HAL_UART_MspInit)
    i.HAL_UART_Receive_DMA                   0x08001fb0   Section        0  stm32f1xx_hal_uart.o(i.HAL_UART_Receive_DMA)
    i.HAL_UART_Receive_IT                    0x08001fda   Section        0  stm32f1xx_hal_uart.o(i.HAL_UART_Receive_IT)
    i.HAL_UART_RxCpltCallback                0x08002004   Section        0  stm32f1xx_hal_uart.o(i.HAL_UART_RxCpltCallback)
    i.HAL_UART_RxHalfCpltCallback            0x08002006   Section        0  stm32f1xx_hal_uart.o(i.HAL_UART_RxHalfCpltCallback)
    i.HAL_UART_Transmit_DMA                  0x08002008   Section        0  stm32f1xx_hal_uart.o(i.HAL_UART_Transmit_DMA)
    i.HAL_UART_TxCpltCallback                0x08002088   Section        0  stm32f1xx_hal_uart.o(i.HAL_UART_TxCpltCallback)
    i.HAL_UART_TxHalfCpltCallback            0x0800208a   Section        0  stm32f1xx_hal_uart.o(i.HAL_UART_TxHalfCpltCallback)
    i.HardFault_Handler                      0x0800208c   Section        0  stm32f1xx_it.o(i.HardFault_Handler)
    i.IIC_Init                               0x08002090   Section        0  myiic.o(i.IIC_Init)
    i.IIC_Send_Byte                          0x080020f4   Section        0  myiic.o(i.IIC_Send_Byte)
    i.IIC_Start                              0x0800216c   Section        0  myiic.o(i.IIC_Start)
    i.IIC_Stop                               0x080021c4   Section        0  myiic.o(i.IIC_Stop)
    i.IIC_Wait_Ack                           0x0800221c   Section        0  myiic.o(i.IIC_Wait_Ack)
    i.MCP4725_WriteThreeByte                 0x0800228c   Section        0  myiic.o(i.MCP4725_WriteThreeByte)
    i.MX_DMA_Init                            0x080022c4   Section        0  dma.o(i.MX_DMA_Init)
    i.MX_GPIO_Init                           0x08002370   Section        0  gpio.o(i.MX_GPIO_Init)
    i.MX_TIM1_Init                           0x0800244c   Section        0  tim.o(i.MX_TIM1_Init)
    i.MX_TIM2_Init                           0x08002530   Section        0  tim.o(i.MX_TIM2_Init)
    i.MX_TIM3_Init                           0x0800259c   Section        0  tim.o(i.MX_TIM3_Init)
    i.MX_TIM4_Init                           0x08002608   Section        0  tim.o(i.MX_TIM4_Init)
    i.MX_UART4_Init                          0x08002674   Section        0  usart.o(i.MX_UART4_Init)
    i.MX_UART5_Init                          0x080026c4   Section        0  usart.o(i.MX_UART5_Init)
    i.MX_USART1_UART_Init                    0x08002714   Section        0  usart.o(i.MX_USART1_UART_Init)
    i.MX_USART2_UART_Init                    0x08002764   Section        0  usart.o(i.MX_USART2_UART_Init)
    i.MX_USART3_UART_Init                    0x080027b4   Section        0  usart.o(i.MX_USART3_UART_Init)
    i.MemManage_Handler                      0x08002804   Section        0  stm32f1xx_it.o(i.MemManage_Handler)
    i.NMI_Handler                            0x08002806   Section        0  stm32f1xx_it.o(i.NMI_Handler)
    i.Order_Juge                             0x08002808   Section        0  control.o(i.Order_Juge)
    i.PendSV_Handler                         0x08002a50   Section        0  stm32f1xx_it.o(i.PendSV_Handler)
    i.SVC_Handler                            0x08002a52   Section        0  stm32f1xx_it.o(i.SVC_Handler)
    i.Set_OutVol_Fast                        0x08002a54   Section        0  myiic.o(i.Set_OutVol_Fast)
    i.SysTick_Handler                        0x08002a98   Section        0  stm32f1xx_it.o(i.SysTick_Handler)
    i.SystemClock_Config                     0x08002a9c   Section        0  main.o(i.SystemClock_Config)
    i.SystemInit                             0x08002afa   Section        0  system_stm32f1xx.o(i.SystemInit)
    i.TIM2_IRQHandler                        0x08002afc   Section        0  stm32f1xx_it.o(i.TIM2_IRQHandler)
    i.TIM3_IRQHandler                        0x08002b08   Section        0  stm32f1xx_it.o(i.TIM3_IRQHandler)
    i.TIM4_IRQHandler                        0x08002b14   Section        0  stm32f1xx_it.o(i.TIM4_IRQHandler)
    i.TIM_Base_SetConfig                     0x08002b30   Section        0  stm32f1xx_hal_tim.o(i.TIM_Base_SetConfig)
    i.TIM_CCxChannelCmd                      0x08002bbc   Section        0  stm32f1xx_hal_tim.o(i.TIM_CCxChannelCmd)
    i.TIM_ETR_SetConfig                      0x08002bd6   Section        0  stm32f1xx_hal_tim.o(i.TIM_ETR_SetConfig)
    i.TIM_ITRx_SetConfig                     0x08002bea   Section        0  stm32f1xx_hal_tim.o(i.TIM_ITRx_SetConfig)
    TIM_ITRx_SetConfig                       0x08002beb   Thumb Code    16  stm32f1xx_hal_tim.o(i.TIM_ITRx_SetConfig)
    i.TIM_OC1_SetConfig                      0x08002bfc   Section        0  stm32f1xx_hal_tim.o(i.TIM_OC1_SetConfig)
    TIM_OC1_SetConfig                        0x08002bfd   Thumb Code    88  stm32f1xx_hal_tim.o(i.TIM_OC1_SetConfig)
    i.TIM_OC2_SetConfig                      0x08002c5c   Section        0  stm32f1xx_hal_tim.o(i.TIM_OC2_SetConfig)
    i.TIM_OC3_SetConfig                      0x08002cc8   Section        0  stm32f1xx_hal_tim.o(i.TIM_OC3_SetConfig)
    TIM_OC3_SetConfig                        0x08002cc9   Thumb Code    96  stm32f1xx_hal_tim.o(i.TIM_OC3_SetConfig)
    i.TIM_OC4_SetConfig                      0x08002d30   Section        0  stm32f1xx_hal_tim.o(i.TIM_OC4_SetConfig)
    TIM_OC4_SetConfig                        0x08002d31   Thumb Code    70  stm32f1xx_hal_tim.o(i.TIM_OC4_SetConfig)
    i.TIM_TI1_ConfigInputStage               0x08002d80   Section        0  stm32f1xx_hal_tim.o(i.TIM_TI1_ConfigInputStage)
    TIM_TI1_ConfigInputStage                 0x08002d81   Thumb Code    34  stm32f1xx_hal_tim.o(i.TIM_TI1_ConfigInputStage)
    i.TIM_TI2_ConfigInputStage               0x08002da2   Section        0  stm32f1xx_hal_tim.o(i.TIM_TI2_ConfigInputStage)
    TIM_TI2_ConfigInputStage                 0x08002da3   Thumb Code    36  stm32f1xx_hal_tim.o(i.TIM_TI2_ConfigInputStage)
    i.UART4_IRQHandler                       0x08002dc8   Section        0  stm32f1xx_it.o(i.UART4_IRQHandler)
    i.UART5_IRQHandler                       0x08002e2c   Section        0  stm32f1xx_it.o(i.UART5_IRQHandler)
    i.UART_DMAAbortOnError                   0x08002e74   Section        0  stm32f1xx_hal_uart.o(i.UART_DMAAbortOnError)
    UART_DMAAbortOnError                     0x08002e75   Thumb Code    16  stm32f1xx_hal_uart.o(i.UART_DMAAbortOnError)
    i.UART_DMAError                          0x08002e84   Section        0  stm32f1xx_hal_uart.o(i.UART_DMAError)
    UART_DMAError                            0x08002e85   Thumb Code    74  stm32f1xx_hal_uart.o(i.UART_DMAError)
    i.UART_DMAReceiveCplt                    0x08002ece   Section        0  stm32f1xx_hal_uart.o(i.UART_DMAReceiveCplt)
    UART_DMAReceiveCplt                      0x08002ecf   Thumb Code    90  stm32f1xx_hal_uart.o(i.UART_DMAReceiveCplt)
    i.UART_DMARxHalfCplt                     0x08002f28   Section        0  stm32f1xx_hal_uart.o(i.UART_DMARxHalfCplt)
    UART_DMARxHalfCplt                       0x08002f29   Thumb Code    26  stm32f1xx_hal_uart.o(i.UART_DMARxHalfCplt)
    i.UART_DMATransmitCplt                   0x08002f42   Section        0  stm32f1xx_hal_uart.o(i.UART_DMATransmitCplt)
    UART_DMATransmitCplt                     0x08002f43   Thumb Code    46  stm32f1xx_hal_uart.o(i.UART_DMATransmitCplt)
    i.UART_DMATxHalfCplt                     0x08002f70   Section        0  stm32f1xx_hal_uart.o(i.UART_DMATxHalfCplt)
    UART_DMATxHalfCplt                       0x08002f71   Thumb Code    10  stm32f1xx_hal_uart.o(i.UART_DMATxHalfCplt)
    i.UART_EndRxTransfer                     0x08002f7a   Section        0  stm32f1xx_hal_uart.o(i.UART_EndRxTransfer)
    UART_EndRxTransfer                       0x08002f7b   Thumb Code    48  stm32f1xx_hal_uart.o(i.UART_EndRxTransfer)
    i.UART_EndTxTransfer                     0x08002faa   Section        0  stm32f1xx_hal_uart.o(i.UART_EndTxTransfer)
    UART_EndTxTransfer                       0x08002fab   Thumb Code    18  stm32f1xx_hal_uart.o(i.UART_EndTxTransfer)
    i.UART_Receive_IT                        0x08002fbc   Section        0  stm32f1xx_hal_uart.o(i.UART_Receive_IT)
    UART_Receive_IT                          0x08002fbd   Thumb Code   182  stm32f1xx_hal_uart.o(i.UART_Receive_IT)
    i.UART_SetConfig                         0x08003074   Section        0  stm32f1xx_hal_uart.o(i.UART_SetConfig)
    UART_SetConfig                           0x08003075   Thumb Code   178  stm32f1xx_hal_uart.o(i.UART_SetConfig)
    i.UART_Start_Receive_DMA                 0x0800312c   Section        0  stm32f1xx_hal_uart.o(i.UART_Start_Receive_DMA)
    i.UART_Start_Receive_IT                  0x0800319c   Section        0  stm32f1xx_hal_uart.o(i.UART_Start_Receive_IT)
    i.USART1_IRQHandler                      0x080031d4   Section        0  stm32f1xx_it.o(i.USART1_IRQHandler)
    i.USART2_IRQHandler                      0x0800325c   Section        0  stm32f1xx_it.o(i.USART2_IRQHandler)
    i.USART3_IRQHandler                      0x08003304   Section        0  stm32f1xx_it.o(i.USART3_IRQHandler)
    i.UsageFault_Handler                     0x08003368   Section        0  stm32f1xx_it.o(i.UsageFault_Handler)
    i.__NVIC_SetPriority                     0x0800336a   Section        0  stm32f1xx_hal_cortex.o(i.__NVIC_SetPriority)
    __NVIC_SetPriority                       0x0800336b   Thumb Code    32  stm32f1xx_hal_cortex.o(i.__NVIC_SetPriority)
    i.main                                   0x0800338c   Section        0  main.o(i.main)
    x$fpl$d2f                                0x08003534   Section       98  d2f.o(x$fpl$d2f)
    x$fpl$ddiv                               0x08003598   Section      688  ddiv.o(x$fpl$ddiv)
    ddiv_entry                               0x0800359f   Thumb Code     0  ddiv.o(x$fpl$ddiv)
    x$fpl$dfixu                              0x08003848   Section       90  dfixu.o(x$fpl$dfixu)
    x$fpl$dfltu                              0x080038a2   Section       38  dflt_clz.o(x$fpl$dfltu)
    x$fpl$dmul                               0x080038c8   Section      340  dmul.o(x$fpl$dmul)
    x$fpl$dnaninf                            0x08003a1c   Section      156  dnaninf.o(x$fpl$dnaninf)
    x$fpl$dretinf                            0x08003ab8   Section       12  dretinf.o(x$fpl$dretinf)
    x$fpl$f2d                                0x08003ac4   Section       86  f2d.o(x$fpl$f2d)
    x$fpl$fadd                               0x08003b1c   Section      196  faddsub_clz.o(x$fpl$fadd)
    _fadd1                                   0x08003b2b   Thumb Code     0  faddsub_clz.o(x$fpl$fadd)
    x$fpl$fcheck1                            0x08003be0   Section       12  fcheck1.o(x$fpl$fcheck1)
    x$fpl$fcmpinf                            0x08003bec   Section       24  fcmpi.o(x$fpl$fcmpinf)
    x$fpl$feqf                               0x08003c04   Section      104  feqf.o(x$fpl$feqf)
    x$fpl$fnaninf                            0x08003c6c   Section      140  fnaninf.o(x$fpl$fnaninf)
    x$fpl$fretinf                            0x08003cf8   Section       10  fretinf.o(x$fpl$fretinf)
    x$fpl$fsub                               0x08003d04   Section      234  faddsub_clz.o(x$fpl$fsub)
    _fsub1                                   0x08003d13   Thumb Code     0  faddsub_clz.o(x$fpl$fsub)
    x$fpl$retnan                             0x08003dee   Section      100  retnan.o(x$fpl$retnan)
    x$fpl$scalbnf                            0x08003e52   Section       76  scalbnf.o(x$fpl$scalbnf)
    x$fpl$trapveneer                         0x08003e9e   Section       48  trapv.o(x$fpl$trapveneer)
    .constdata                               0x08003ece   Section       16  system_stm32f1xx.o(.constdata)
    x$fpl$usenofp                            0x08003ece   Section        0  usenofp.o(x$fpl$usenofp)
    .constdata                               0x08003ede   Section        8  system_stm32f1xx.o(.constdata)
    .data                                    0x20000000   Section       21  main.o(.data)
    .data                                    0x20000015   Section      101  usart.o(.data)
    .data                                    0x2000007a   Section       20  usart.o(.data)
    .data                                    0x2000008e   Section       20  usart.o(.data)
    .data                                    0x200000a2   Section       20  usart.o(.data)
    .data                                    0x200000b6   Section       20  usart.o(.data)
    .data                                    0x200000ca   Section       20  usart.o(.data)
    .data                                    0x200000de   Section        1  stm32f1xx_it.o(.data)
    .data                                    0x200000e0   Section       12  stm32f1xx_hal.o(.data)
    .data                                    0x200000ec   Section        4  system_stm32f1xx.o(.data)
    .bss                                     0x200000f0   Section      288  tim.o(.bss)
    .bss                                     0x20000210   Section      884  usart.o(.bss)
    .bss                                     0x20000584   Section       96  libspace.o(.bss)
    HEAP                                     0x200005e8   Section      512  startup_stm32f103xe.o(HEAP)
    Heap_Mem                                 0x200005e8   Data         512  startup_stm32f103xe.o(HEAP)
    STACK                                    0x200007e8   Section     1024  startup_stm32f103xe.o(STACK)
    Stack_Mem                                0x200007e8   Data        1024  startup_stm32f103xe.o(STACK)
    __initial_sp                             0x20000be8   Data           0  startup_stm32f103xe.o(STACK)

    Global Symbols

    Symbol Name                              Value     Ov Type        Size  Object(Section)

    BuildAttributes$$THM_ISAv4$P$D$K$B$S$PE$A:L22UL41UL21$X:L11$S22US41US21$IEEE1$IW$USESV6$~STKCKD$USESV7$~SHL$OSPACE$ROPI$EBA8$UX$STANDARDLIB$REQ8$PRES8$EABIv2 0x00000000   Number         0  anon$$obj.o ABSOLUTE
    __ARM_use_no_argv                        0x00000000   Number         0  main.o ABSOLUTE
    __ARM_exceptions_init                     - Undefined Weak Reference
    __alloca_initialize                       - Undefined Weak Reference
    __arm_fini_                               - Undefined Weak Reference
    __arm_preinit_                            - Undefined Weak Reference
    __cpp_initialize__aeabi_                  - Undefined Weak Reference
    __cxa_finalize                            - Undefined Weak Reference
    __rt_locale                               - Undefined Weak Reference
    __sigvec_lookup                           - Undefined Weak Reference
    _atexit_init                              - Undefined Weak Reference
    _call_atexit_fns                          - Undefined Weak Reference
    _clock_init                               - Undefined Weak Reference
    _fp_trap_init                             - Undefined Weak Reference
    _fp_trap_shutdown                         - Undefined Weak Reference
    _get_lc_collate                           - Undefined Weak Reference
    _get_lc_ctype                             - Undefined Weak Reference
    _get_lc_monetary                          - Undefined Weak Reference
    _get_lc_numeric                           - Undefined Weak Reference
    _get_lc_time                              - Undefined Weak Reference
    _getenv_init                              - Undefined Weak Reference
    _handle_redirection                       - Undefined Weak Reference
    _init_alloc                               - Undefined Weak Reference
    _init_user_alloc                          - Undefined Weak Reference
    _initio                                   - Undefined Weak Reference
    _rand_init                                - Undefined Weak Reference
    _signal_finish                            - Undefined Weak Reference
    _signal_init                              - Undefined Weak Reference
    _terminate_alloc                          - Undefined Weak Reference
    _terminate_user_alloc                     - Undefined Weak Reference
    _terminateio                              - Undefined Weak Reference
    __Vectors_Size                           0x00000130   Number         0  startup_stm32f103xe.o ABSOLUTE
    __Vectors                                0x08000000   Data           4  startup_stm32f103xe.o(RESET)
    __Vectors_End                            0x08000130   Data           0  startup_stm32f103xe.o(RESET)
    __main                                   0x08000131   Thumb Code     8  __main.o(!!!main)
    __scatterload                            0x08000139   Thumb Code     0  __scatter.o(!!!scatter)
    __scatterload_rt2                        0x08000139   Thumb Code    44  __scatter.o(!!!scatter)
    __scatterload_rt2_thumb_only             0x08000139   Thumb Code     0  __scatter.o(!!!scatter)
    __scatterload_null                       0x08000147   Thumb Code     0  __scatter.o(!!!scatter)
    __scatterload_copy                       0x0800016d   Thumb Code    26  __scatter_copy.o(!!handler_copy)
    __scatterload_zeroinit                   0x08000189   Thumb Code    28  __scatter_zi.o(!!handler_zi)
    __rt_lib_init                            0x080001a5   Thumb Code     0  libinit.o(.ARM.Collect$$libinit$$00000000)
    __rt_lib_init_alloca_1                   0x080001a7   Thumb Code     0  libinit2.o(.ARM.Collect$$libinit$$0000002E)
    __rt_lib_init_argv_1                     0x080001a7   Thumb Code     0  libinit2.o(.ARM.Collect$$libinit$$0000002C)
    __rt_lib_init_atexit_1                   0x080001a7   Thumb Code     0  libinit2.o(.ARM.Collect$$libinit$$0000001B)
    __rt_lib_init_clock_1                    0x080001a7   Thumb Code     0  libinit2.o(.ARM.Collect$$libinit$$00000021)
    __rt_lib_init_cpp_1                      0x080001a7   Thumb Code     0  libinit2.o(.ARM.Collect$$libinit$$00000032)
    __rt_lib_init_exceptions_1               0x080001a7   Thumb Code     0  libinit2.o(.ARM.Collect$$libinit$$00000030)
    __rt_lib_init_fp_1                       0x080001a7   Thumb Code     0  libinit2.o(.ARM.Collect$$libinit$$00000002)
    __rt_lib_init_fp_trap_1                  0x080001a7   Thumb Code     0  libinit2.o(.ARM.Collect$$libinit$$0000001F)
    __rt_lib_init_getenv_1                   0x080001a7   Thumb Code     0  libinit2.o(.ARM.Collect$$libinit$$00000023)
    __rt_lib_init_heap_1                     0x080001a7   Thumb Code     0  libinit2.o(.ARM.Collect$$libinit$$0000000A)
    __rt_lib_init_lc_collate_1               0x080001a7   Thumb Code     0  libinit2.o(.ARM.Collect$$libinit$$00000011)
    __rt_lib_init_lc_ctype_1                 0x080001a7   Thumb Code     0  libinit2.o(.ARM.Collect$$libinit$$00000013)
    __rt_lib_init_lc_monetary_1              0x080001a7   Thumb Code     0  libinit2.o(.ARM.Collect$$libinit$$00000015)
    __rt_lib_init_lc_numeric_1               0x080001a7   Thumb Code     0  libinit2.o(.ARM.Collect$$libinit$$00000017)
    __rt_lib_init_lc_time_1                  0x080001a7   Thumb Code     0  libinit2.o(.ARM.Collect$$libinit$$00000019)
    __rt_lib_init_preinit_1                  0x080001a7   Thumb Code     0  libinit2.o(.ARM.Collect$$libinit$$00000004)
    __rt_lib_init_rand_1                     0x080001a7   Thumb Code     0  libinit2.o(.ARM.Collect$$libinit$$0000000E)
    __rt_lib_init_return                     0x080001a7   Thumb Code     0  libinit2.o(.ARM.Collect$$libinit$$00000033)
    __rt_lib_init_signal_1                   0x080001a7   Thumb Code     0  libinit2.o(.ARM.Collect$$libinit$$0000001D)
    __rt_lib_init_stdio_1                    0x080001a7   Thumb Code     0  libinit2.o(.ARM.Collect$$libinit$$00000025)
    __rt_lib_init_user_alloc_1               0x080001a7   Thumb Code     0  libinit2.o(.ARM.Collect$$libinit$$0000000C)
    __rt_lib_shutdown                        0x080001a9   Thumb Code     0  libshutdown.o(.ARM.Collect$$libshutdown$$00000000)
    __rt_lib_shutdown_cpp_1                  0x080001ab   Thumb Code     0  libshutdown2.o(.ARM.Collect$$libshutdown$$00000004)
    __rt_lib_shutdown_fini_1                 0x080001ab   Thumb Code     0  libshutdown2.o(.ARM.Collect$$libshutdown$$00000002)
    __rt_lib_shutdown_fp_trap_1              0x080001ab   Thumb Code     0  libshutdown2.o(.ARM.Collect$$libshutdown$$00000009)
    __rt_lib_shutdown_heap_1                 0x080001ab   Thumb Code     0  libshutdown2.o(.ARM.Collect$$libshutdown$$00000011)
    __rt_lib_shutdown_return                 0x080001ab   Thumb Code     0  libshutdown2.o(.ARM.Collect$$libshutdown$$00000012)
    __rt_lib_shutdown_signal_1               0x080001ab   Thumb Code     0  libshutdown2.o(.ARM.Collect$$libshutdown$$0000000C)
    __rt_lib_shutdown_stdio_1                0x080001ab   Thumb Code     0  libshutdown2.o(.ARM.Collect$$libshutdown$$00000006)
    __rt_lib_shutdown_user_alloc_1           0x080001ab   Thumb Code     0  libshutdown2.o(.ARM.Collect$$libshutdown$$0000000E)
    __rt_entry                               0x080001ad   Thumb Code     0  __rtentry.o(.ARM.Collect$$rtentry$$00000000)
    __rt_entry_presh_1                       0x080001ad   Thumb Code     0  __rtentry2.o(.ARM.Collect$$rtentry$$00000002)
    __rt_entry_sh                            0x080001ad   Thumb Code     0  __rtentry4.o(.ARM.Collect$$rtentry$$00000004)
    __rt_entry_li                            0x080001b3   Thumb Code     0  __rtentry2.o(.ARM.Collect$$rtentry$$0000000A)
    __rt_entry_postsh_1                      0x080001b3   Thumb Code     0  __rtentry2.o(.ARM.Collect$$rtentry$$00000009)
    __rt_entry_main                          0x080001b7   Thumb Code     0  __rtentry2.o(.ARM.Collect$$rtentry$$0000000D)
    __rt_entry_postli_1                      0x080001b7   Thumb Code     0  __rtentry2.o(.ARM.Collect$$rtentry$$0000000C)
    __rt_exit                                0x080001bf   Thumb Code     0  rtexit.o(.ARM.Collect$$rtexit$$00000000)
    __rt_exit_ls                             0x080001c1   Thumb Code     0  rtexit2.o(.ARM.Collect$$rtexit$$00000003)
    __rt_exit_prels_1                        0x080001c1   Thumb Code     0  rtexit2.o(.ARM.Collect$$rtexit$$00000002)
    __rt_exit_exit                           0x080001c5   Thumb Code     0  rtexit2.o(.ARM.Collect$$rtexit$$00000004)
    Reset_Handler                            0x080001cd   Thumb Code     8  startup_stm32f103xe.o(.text)
    ADC1_2_IRQHandler                        0x080001e7   Thumb Code     0  startup_stm32f103xe.o(.text)
    ADC3_IRQHandler                          0x080001e7   Thumb Code     0  startup_stm32f103xe.o(.text)
    CAN1_RX1_IRQHandler                      0x080001e7   Thumb Code     0  startup_stm32f103xe.o(.text)
    CAN1_SCE_IRQHandler                      0x080001e7   Thumb Code     0  startup_stm32f103xe.o(.text)
    DMA1_Channel1_IRQHandler                 0x080001e7   Thumb Code     0  startup_stm32f103xe.o(.text)
    DMA2_Channel1_IRQHandler                 0x080001e7   Thumb Code     0  startup_stm32f103xe.o(.text)
    DMA2_Channel2_IRQHandler                 0x080001e7   Thumb Code     0  startup_stm32f103xe.o(.text)
    EXTI0_IRQHandler                         0x080001e7   Thumb Code     0  startup_stm32f103xe.o(.text)
    EXTI15_10_IRQHandler                     0x080001e7   Thumb Code     0  startup_stm32f103xe.o(.text)
    EXTI1_IRQHandler                         0x080001e7   Thumb Code     0  startup_stm32f103xe.o(.text)
    EXTI2_IRQHandler                         0x080001e7   Thumb Code     0  startup_stm32f103xe.o(.text)
    EXTI3_IRQHandler                         0x080001e7   Thumb Code     0  startup_stm32f103xe.o(.text)
    EXTI4_IRQHandler                         0x080001e7   Thumb Code     0  startup_stm32f103xe.o(.text)
    EXTI9_5_IRQHandler                       0x080001e7   Thumb Code     0  startup_stm32f103xe.o(.text)
    FLASH_IRQHandler                         0x080001e7   Thumb Code     0  startup_stm32f103xe.o(.text)
    FSMC_IRQHandler                          0x080001e7   Thumb Code     0  startup_stm32f103xe.o(.text)
    I2C1_ER_IRQHandler                       0x080001e7   Thumb Code     0  startup_stm32f103xe.o(.text)
    I2C1_EV_IRQHandler                       0x080001e7   Thumb Code     0  startup_stm32f103xe.o(.text)
    I2C2_ER_IRQHandler                       0x080001e7   Thumb Code     0  startup_stm32f103xe.o(.text)
    I2C2_EV_IRQHandler                       0x080001e7   Thumb Code     0  startup_stm32f103xe.o(.text)
    PVD_IRQHandler                           0x080001e7   Thumb Code     0  startup_stm32f103xe.o(.text)
    RCC_IRQHandler                           0x080001e7   Thumb Code     0  startup_stm32f103xe.o(.text)
    RTC_Alarm_IRQHandler                     0x080001e7   Thumb Code     0  startup_stm32f103xe.o(.text)
    RTC_IRQHandler                           0x080001e7   Thumb Code     0  startup_stm32f103xe.o(.text)
    SDIO_IRQHandler                          0x080001e7   Thumb Code     0  startup_stm32f103xe.o(.text)
    SPI1_IRQHandler                          0x080001e7   Thumb Code     0  startup_stm32f103xe.o(.text)
    SPI2_IRQHandler                          0x080001e7   Thumb Code     0  startup_stm32f103xe.o(.text)
    SPI3_IRQHandler                          0x080001e7   Thumb Code     0  startup_stm32f103xe.o(.text)
    TAMPER_IRQHandler                        0x080001e7   Thumb Code     0  startup_stm32f103xe.o(.text)
    TIM1_BRK_IRQHandler                      0x080001e7   Thumb Code     0  startup_stm32f103xe.o(.text)
    TIM1_CC_IRQHandler                       0x080001e7   Thumb Code     0  startup_stm32f103xe.o(.text)
    TIM1_TRG_COM_IRQHandler                  0x080001e7   Thumb Code     0  startup_stm32f103xe.o(.text)
    TIM1_UP_IRQHandler                       0x080001e7   Thumb Code     0  startup_stm32f103xe.o(.text)
    TIM5_IRQHandler                          0x080001e7   Thumb Code     0  startup_stm32f103xe.o(.text)
    TIM6_IRQHandler                          0x080001e7   Thumb Code     0  startup_stm32f103xe.o(.text)
    TIM7_IRQHandler                          0x080001e7   Thumb Code     0  startup_stm32f103xe.o(.text)
    TIM8_BRK_IRQHandler                      0x080001e7   Thumb Code     0  startup_stm32f103xe.o(.text)
    TIM8_CC_IRQHandler                       0x080001e7   Thumb Code     0  startup_stm32f103xe.o(.text)
    TIM8_TRG_COM_IRQHandler                  0x080001e7   Thumb Code     0  startup_stm32f103xe.o(.text)
    TIM8_UP_IRQHandler                       0x080001e7   Thumb Code     0  startup_stm32f103xe.o(.text)
    USBWakeUp_IRQHandler                     0x080001e7   Thumb Code     0  startup_stm32f103xe.o(.text)
    USB_HP_CAN1_TX_IRQHandler                0x080001e7   Thumb Code     0  startup_stm32f103xe.o(.text)
    USB_LP_CAN1_RX0_IRQHandler               0x080001e7   Thumb Code     0  startup_stm32f103xe.o(.text)
    WWDG_IRQHandler                          0x080001e7   Thumb Code     0  startup_stm32f103xe.o(.text)
    __user_initial_stackheap                 0x080001e9   Thumb Code     0  startup_stm32f103xe.o(.text)
    __aeabi_memclr                           0x0800020d   Thumb Code     0  rt_memclr.o(.text)
    __rt_memclr                              0x0800020d   Thumb Code    68  rt_memclr.o(.text)
    _memset                                  0x08000211   Thumb Code     0  rt_memclr.o(.text)
    __aeabi_memclr4                          0x08000251   Thumb Code     0  rt_memclr_w.o(.text)
    __aeabi_memclr8                          0x08000251   Thumb Code     0  rt_memclr_w.o(.text)
    __rt_memclr_w                            0x08000251   Thumb Code    78  rt_memclr_w.o(.text)
    _memset_w                                0x08000255   Thumb Code     0  rt_memclr_w.o(.text)
    __use_two_region_memory                  0x0800029f   Thumb Code     2  heapauxi.o(.text)
    __rt_heap_escrow$2region                 0x080002a1   Thumb Code     2  heapauxi.o(.text)
    __rt_heap_expand$2region                 0x080002a3   Thumb Code     2  heapauxi.o(.text)
    __user_setup_stackheap                   0x080002a5   Thumb Code    74  sys_stackheap_outer.o(.text)
    exit                                     0x080002ef   Thumb Code    18  exit.o(.text)
    __user_libspace                          0x08000301   Thumb Code     8  libspace.o(.text)
    __user_perproc_libspace                  0x08000301   Thumb Code     0  libspace.o(.text)
    __user_perthread_libspace                0x08000301   Thumb Code     0  libspace.o(.text)
    _sys_exit                                0x08000309   Thumb Code     8  sys_exit.o(.text)
    __I$use$semihosting                      0x08000315   Thumb Code     0  use_no_semi.o(.text)
    __use_no_semihosting_swi                 0x08000315   Thumb Code     2  use_no_semi.o(.text)
    BusFault_Handler                         0x08000317   Thumb Code     2  stm32f1xx_it.o(i.BusFault_Handler)
    __semihosting_library_function           0x08000317   Thumb Code     0  indicate_semi.o(.text)
    DMA1_Channel2_IRQHandler                 0x08000319   Thumb Code     6  stm32f1xx_it.o(i.DMA1_Channel2_IRQHandler)
    DMA1_Channel3_IRQHandler                 0x08000325   Thumb Code     6  stm32f1xx_it.o(i.DMA1_Channel3_IRQHandler)
    DMA1_Channel4_IRQHandler                 0x08000331   Thumb Code     6  stm32f1xx_it.o(i.DMA1_Channel4_IRQHandler)
    DMA1_Channel5_IRQHandler                 0x0800033d   Thumb Code     6  stm32f1xx_it.o(i.DMA1_Channel5_IRQHandler)
    DMA1_Channel6_IRQHandler                 0x08000349   Thumb Code     6  stm32f1xx_it.o(i.DMA1_Channel6_IRQHandler)
    DMA1_Channel7_IRQHandler                 0x08000355   Thumb Code     6  stm32f1xx_it.o(i.DMA1_Channel7_IRQHandler)
    DMA2_Channel3_IRQHandler                 0x08000361   Thumb Code     6  stm32f1xx_it.o(i.DMA2_Channel3_IRQHandler)
    DMA2_Channel4_5_IRQHandler               0x0800036d   Thumb Code     6  stm32f1xx_it.o(i.DMA2_Channel4_5_IRQHandler)
    DebugMon_Handler                         0x080003a3   Thumb Code     2  stm32f1xx_it.o(i.DebugMon_Handler)
    Error_Handler                            0x080003a5   Thumb Code     4  main.o(i.Error_Handler)
    HAL_DMA_Abort                            0x080003a9   Thumb Code    70  stm32f1xx_hal_dma.o(i.HAL_DMA_Abort)
    HAL_DMA_Abort_IT                         0x080003f1   Thumb Code   296  stm32f1xx_hal_dma.o(i.HAL_DMA_Abort_IT)
    HAL_DMA_IRQHandler                       0x08000521   Thumb Code   552  stm32f1xx_hal_dma.o(i.HAL_DMA_IRQHandler)
    HAL_DMA_Init                             0x08000769   Thumb Code   112  stm32f1xx_hal_dma.o(i.HAL_DMA_Init)
    HAL_DMA_Start_IT                         0x080007e5   Thumb Code   112  stm32f1xx_hal_dma.o(i.HAL_DMA_Start_IT)
    HAL_Delay                                0x08000855   Thumb Code    32  stm32f1xx_hal.o(i.HAL_Delay)
    HAL_GPIO_Init                            0x08000879   Thumb Code   462  stm32f1xx_hal_gpio.o(i.HAL_GPIO_Init)
    HAL_GPIO_ReadPin                         0x08000a71   Thumb Code    10  stm32f1xx_hal_gpio.o(i.HAL_GPIO_ReadPin)
    HAL_GPIO_TogglePin                       0x08000a7b   Thumb Code    16  stm32f1xx_hal_gpio.o(i.HAL_GPIO_TogglePin)
    HAL_GPIO_WritePin                        0x08000a8b   Thumb Code    10  stm32f1xx_hal_gpio.o(i.HAL_GPIO_WritePin)
    HAL_GetTick                              0x08000a95   Thumb Code     6  stm32f1xx_hal.o(i.HAL_GetTick)
    HAL_IncTick                              0x08000aa1   Thumb Code    12  stm32f1xx_hal.o(i.HAL_IncTick)
    HAL_Init                                 0x08000ab1   Thumb Code    32  stm32f1xx_hal.o(i.HAL_Init)
    HAL_InitTick                             0x08000ad5   Thumb Code    54  stm32f1xx_hal.o(i.HAL_InitTick)
    HAL_MspInit                              0x08000b15   Thumb Code    52  stm32f1xx_hal_msp.o(i.HAL_MspInit)
    HAL_NVIC_EnableIRQ                       0x08000b51   Thumb Code    26  stm32f1xx_hal_cortex.o(i.HAL_NVIC_EnableIRQ)
    HAL_NVIC_SetPriority                     0x08000b6d   Thumb Code    60  stm32f1xx_hal_cortex.o(i.HAL_NVIC_SetPriority)
    HAL_NVIC_SetPriorityGrouping             0x08000bad   Thumb Code    26  stm32f1xx_hal_cortex.o(i.HAL_NVIC_SetPriorityGrouping)
    HAL_RCC_ClockConfig                      0x08000bd1   Thumb Code   280  stm32f1xx_hal_rcc.o(i.HAL_RCC_ClockConfig)
    HAL_RCC_GetPCLK1Freq                     0x08000cfd   Thumb Code    20  stm32f1xx_hal_rcc.o(i.HAL_RCC_GetPCLK1Freq)
    HAL_RCC_GetPCLK2Freq                     0x08000d1d   Thumb Code    20  stm32f1xx_hal_rcc.o(i.HAL_RCC_GetPCLK2Freq)
    HAL_RCC_GetSysClockFreq                  0x08000d3d   Thumb Code    74  stm32f1xx_hal_rcc.o(i.HAL_RCC_GetSysClockFreq)
    HAL_RCC_OscConfig                        0x08000da9   Thumb Code   778  stm32f1xx_hal_rcc.o(i.HAL_RCC_OscConfig)
    HAL_SYSTICK_Config                       0x080010c9   Thumb Code    40  stm32f1xx_hal_cortex.o(i.HAL_SYSTICK_Config)
    HAL_TIMEx_BreakCallback                  0x080010f1   Thumb Code     2  stm32f1xx_hal_tim_ex.o(i.HAL_TIMEx_BreakCallback)
    HAL_TIMEx_CommutCallback                 0x080010f3   Thumb Code     2  stm32f1xx_hal_tim_ex.o(i.HAL_TIMEx_CommutCallback)
    HAL_TIMEx_ConfigBreakDeadTime            0x080010f5   Thumb Code    84  stm32f1xx_hal_tim_ex.o(i.HAL_TIMEx_ConfigBreakDeadTime)
    HAL_TIMEx_MasterConfigSynchronization    0x08001149   Thumb Code   104  stm32f1xx_hal_tim_ex.o(i.HAL_TIMEx_MasterConfigSynchronization)
    HAL_TIM_Base_Init                        0x080011c5   Thumb Code    90  stm32f1xx_hal_tim.o(i.HAL_TIM_Base_Init)
    HAL_TIM_Base_MspInit                     0x08001221   Thumb Code    72  tim.o(i.HAL_TIM_Base_MspInit)
    HAL_TIM_Base_Start_IT                    0x08001275   Thumb Code    88  stm32f1xx_hal_tim.o(i.HAL_TIM_Base_Start_IT)
    HAL_TIM_ConfigClockSource                0x080012e1   Thumb Code   214  stm32f1xx_hal_tim.o(i.HAL_TIM_ConfigClockSource)
    HAL_TIM_Encoder_Init                     0x080013b7   Thumb Code   164  stm32f1xx_hal_tim.o(i.HAL_TIM_Encoder_Init)
    HAL_TIM_Encoder_MspInit                  0x0800145d   Thumb Code   152  tim.o(i.HAL_TIM_Encoder_MspInit)
    HAL_TIM_Encoder_Start                    0x08001501   Thumb Code   142  stm32f1xx_hal_tim.o(i.HAL_TIM_Encoder_Start)
    HAL_TIM_IC_CaptureCallback               0x0800158f   Thumb Code     2  stm32f1xx_hal_tim.o(i.HAL_TIM_IC_CaptureCallback)
    HAL_TIM_IRQHandler                       0x08001591   Thumb Code   358  stm32f1xx_hal_tim.o(i.HAL_TIM_IRQHandler)
    HAL_TIM_MspPostInit                      0x080016f9   Thumb Code    82  tim.o(i.HAL_TIM_MspPostInit)
    HAL_TIM_OC_DelayElapsedCallback          0x0800175d   Thumb Code     2  stm32f1xx_hal_tim.o(i.HAL_TIM_OC_DelayElapsedCallback)
    HAL_TIM_PWM_ConfigChannel                0x0800175f   Thumb Code   198  stm32f1xx_hal_tim.o(i.HAL_TIM_PWM_ConfigChannel)
    HAL_TIM_PWM_Init                         0x08001825   Thumb Code    90  stm32f1xx_hal_tim.o(i.HAL_TIM_PWM_Init)
    HAL_TIM_PWM_MspInit                      0x0800187f   Thumb Code     2  stm32f1xx_hal_tim.o(i.HAL_TIM_PWM_MspInit)
    HAL_TIM_PWM_PulseFinishedCallback        0x08001881   Thumb Code     2  stm32f1xx_hal_tim.o(i.HAL_TIM_PWM_PulseFinishedCallback)
    HAL_TIM_PWM_Start                        0x08001885   Thumb Code   160  stm32f1xx_hal_tim.o(i.HAL_TIM_PWM_Start)
    HAL_TIM_PeriodElapsedCallback            0x08001939   Thumb Code     2  stm32f1xx_hal_tim.o(i.HAL_TIM_PeriodElapsedCallback)
    HAL_TIM_TriggerCallback                  0x0800193b   Thumb Code     2  stm32f1xx_hal_tim.o(i.HAL_TIM_TriggerCallback)
    HAL_UARTEx_RxEventCallback               0x0800193d   Thumb Code     2  stm32f1xx_hal_uart.o(i.HAL_UARTEx_RxEventCallback)
    HAL_UART_DMAStop                         0x0800193f   Thumb Code    88  stm32f1xx_hal_uart.o(i.HAL_UART_DMAStop)
    HAL_UART_ErrorCallback                   0x08001997   Thumb Code     2  stm32f1xx_hal_uart.o(i.HAL_UART_ErrorCallback)
    HAL_UART_IRQHandler                      0x08001999   Thumb Code   520  stm32f1xx_hal_uart.o(i.HAL_UART_IRQHandler)
    HAL_UART_Init                            0x08001ba5   Thumb Code    98  stm32f1xx_hal_uart.o(i.HAL_UART_Init)
    HAL_UART_MspInit                         0x08001c09   Thumb Code   878  usart.o(i.HAL_UART_MspInit)
    HAL_UART_Receive_DMA                     0x08001fb1   Thumb Code    42  stm32f1xx_hal_uart.o(i.HAL_UART_Receive_DMA)
    HAL_UART_Receive_IT                      0x08001fdb   Thumb Code    42  stm32f1xx_hal_uart.o(i.HAL_UART_Receive_IT)
    HAL_UART_RxCpltCallback                  0x08002005   Thumb Code     2  stm32f1xx_hal_uart.o(i.HAL_UART_RxCpltCallback)
    HAL_UART_RxHalfCpltCallback              0x08002007   Thumb Code     2  stm32f1xx_hal_uart.o(i.HAL_UART_RxHalfCpltCallback)
    HAL_UART_Transmit_DMA                    0x08002009   Thumb Code   114  stm32f1xx_hal_uart.o(i.HAL_UART_Transmit_DMA)
    HAL_UART_TxCpltCallback                  0x08002089   Thumb Code     2  stm32f1xx_hal_uart.o(i.HAL_UART_TxCpltCallback)
    HAL_UART_TxHalfCpltCallback              0x0800208b   Thumb Code     2  stm32f1xx_hal_uart.o(i.HAL_UART_TxHalfCpltCallback)
    HardFault_Handler                        0x0800208d   Thumb Code     2  stm32f1xx_it.o(i.HardFault_Handler)
    IIC_Init                                 0x08002091   Thumb Code    90  myiic.o(i.IIC_Init)
    IIC_Send_Byte                            0x080020f5   Thumb Code   116  myiic.o(i.IIC_Send_Byte)
    IIC_Start                                0x0800216d   Thumb Code    82  myiic.o(i.IIC_Start)
    IIC_Stop                                 0x080021c5   Thumb Code    82  myiic.o(i.IIC_Stop)
    IIC_Wait_Ack                             0x0800221d   Thumb Code   108  myiic.o(i.IIC_Wait_Ack)
    MCP4725_WriteThreeByte                   0x0800228d   Thumb Code    56  myiic.o(i.MCP4725_WriteThreeByte)
    MX_DMA_Init                              0x080022c5   Thumb Code   168  dma.o(i.MX_DMA_Init)
    MX_GPIO_Init                             0x08002371   Thumb Code   204  gpio.o(i.MX_GPIO_Init)
    MX_TIM1_Init                             0x0800244d   Thumb Code   218  tim.o(i.MX_TIM1_Init)
    MX_TIM2_Init                             0x08002531   Thumb Code   102  tim.o(i.MX_TIM2_Init)
    MX_TIM3_Init                             0x0800259d   Thumb Code   100  tim.o(i.MX_TIM3_Init)
    MX_TIM4_Init                             0x08002609   Thumb Code   100  tim.o(i.MX_TIM4_Init)
    MX_UART4_Init                            0x08002675   Thumb Code    66  usart.o(i.MX_UART4_Init)
    MX_UART5_Init                            0x080026c5   Thumb Code    66  usart.o(i.MX_UART5_Init)
    MX_USART1_UART_Init                      0x08002715   Thumb Code    66  usart.o(i.MX_USART1_UART_Init)
    MX_USART2_UART_Init                      0x08002765   Thumb Code    66  usart.o(i.MX_USART2_UART_Init)
    MX_USART3_UART_Init                      0x080027b5   Thumb Code    66  usart.o(i.MX_USART3_UART_Init)
    MemManage_Handler                        0x08002805   Thumb Code     2  stm32f1xx_it.o(i.MemManage_Handler)
    NMI_Handler                              0x08002807   Thumb Code     2  stm32f1xx_it.o(i.NMI_Handler)
    Order_Juge                               0x08002809   Thumb Code   550  control.o(i.Order_Juge)
    PendSV_Handler                           0x08002a51   Thumb Code     2  stm32f1xx_it.o(i.PendSV_Handler)
    SVC_Handler                              0x08002a53   Thumb Code     2  stm32f1xx_it.o(i.SVC_Handler)
    Set_OutVol_Fast                          0x08002a55   Thumb Code    58  myiic.o(i.Set_OutVol_Fast)
    SysTick_Handler                          0x08002a99   Thumb Code     4  stm32f1xx_it.o(i.SysTick_Handler)
    SystemClock_Config                       0x08002a9d   Thumb Code    94  main.o(i.SystemClock_Config)
    SystemInit                               0x08002afb   Thumb Code     2  system_stm32f1xx.o(i.SystemInit)
    TIM2_IRQHandler                          0x08002afd   Thumb Code     6  stm32f1xx_it.o(i.TIM2_IRQHandler)
    TIM3_IRQHandler                          0x08002b09   Thumb Code     6  stm32f1xx_it.o(i.TIM3_IRQHandler)
    TIM4_IRQHandler                          0x08002b15   Thumb Code    20  stm32f1xx_it.o(i.TIM4_IRQHandler)
    TIM_Base_SetConfig                       0x08002b31   Thumb Code   120  stm32f1xx_hal_tim.o(i.TIM_Base_SetConfig)
    TIM_CCxChannelCmd                        0x08002bbd   Thumb Code    26  stm32f1xx_hal_tim.o(i.TIM_CCxChannelCmd)
    TIM_ETR_SetConfig                        0x08002bd7   Thumb Code    20  stm32f1xx_hal_tim.o(i.TIM_ETR_SetConfig)
    TIM_OC2_SetConfig                        0x08002c5d   Thumb Code    98  stm32f1xx_hal_tim.o(i.TIM_OC2_SetConfig)
    UART4_IRQHandler                         0x08002dc9   Thumb Code    84  stm32f1xx_it.o(i.UART4_IRQHandler)
    UART5_IRQHandler                         0x08002e2d   Thumb Code    58  stm32f1xx_it.o(i.UART5_IRQHandler)
    UART_Start_Receive_DMA                   0x0800312d   Thumb Code    98  stm32f1xx_hal_uart.o(i.UART_Start_Receive_DMA)
    UART_Start_Receive_IT                    0x0800319d   Thumb Code    54  stm32f1xx_hal_uart.o(i.UART_Start_Receive_IT)
    USART1_IRQHandler                        0x080031d5   Thumb Code   118  stm32f1xx_it.o(i.USART1_IRQHandler)
    USART2_IRQHandler                        0x0800325d   Thumb Code   148  stm32f1xx_it.o(i.USART2_IRQHandler)
    USART3_IRQHandler                        0x08003305   Thumb Code    84  stm32f1xx_it.o(i.USART3_IRQHandler)
    UsageFault_Handler                       0x08003369   Thumb Code     2  stm32f1xx_it.o(i.UsageFault_Handler)
    main                                     0x0800338d   Thumb Code   372  main.o(i.main)
    __aeabi_d2f                              0x08003535   Thumb Code     0  d2f.o(x$fpl$d2f)
    _d2f                                     0x08003535   Thumb Code    98  d2f.o(x$fpl$d2f)
    __aeabi_ddiv                             0x08003599   Thumb Code     0  ddiv.o(x$fpl$ddiv)
    _ddiv                                    0x08003599   Thumb Code   552  ddiv.o(x$fpl$ddiv)
    __aeabi_d2uiz                            0x08003849   Thumb Code     0  dfixu.o(x$fpl$dfixu)
    _dfixu                                   0x08003849   Thumb Code    90  dfixu.o(x$fpl$dfixu)
    __aeabi_ui2d                             0x080038a3   Thumb Code     0  dflt_clz.o(x$fpl$dfltu)
    _dfltu                                   0x080038a3   Thumb Code    38  dflt_clz.o(x$fpl$dfltu)
    __aeabi_dmul                             0x080038c9   Thumb Code     0  dmul.o(x$fpl$dmul)
    _dmul                                    0x080038c9   Thumb Code   332  dmul.o(x$fpl$dmul)
    __fpl_dnaninf                            0x08003a1d   Thumb Code   156  dnaninf.o(x$fpl$dnaninf)
    __fpl_dretinf                            0x08003ab9   Thumb Code    12  dretinf.o(x$fpl$dretinf)
    __aeabi_f2d                              0x08003ac5   Thumb Code     0  f2d.o(x$fpl$f2d)
    _f2d                                     0x08003ac5   Thumb Code    86  f2d.o(x$fpl$f2d)
    __aeabi_fadd                             0x08003b1d   Thumb Code     0  faddsub_clz.o(x$fpl$fadd)
    _fadd                                    0x08003b1d   Thumb Code   196  faddsub_clz.o(x$fpl$fadd)
    __fpl_fcheck_NaN1                        0x08003be1   Thumb Code     6  fcheck1.o(x$fpl$fcheck1)
    __fpl_fcmp_Inf                           0x08003bed   Thumb Code    24  fcmpi.o(x$fpl$fcmpinf)
    __aeabi_cfcmpeq                          0x08003c05   Thumb Code     0  feqf.o(x$fpl$feqf)
    _fcmpeq                                  0x08003c05   Thumb Code   104  feqf.o(x$fpl$feqf)
    __fpl_fnaninf                            0x08003c6d   Thumb Code   140  fnaninf.o(x$fpl$fnaninf)
    __fpl_fretinf                            0x08003cf9   Thumb Code    10  fretinf.o(x$fpl$fretinf)
    __aeabi_fsub                             0x08003d05   Thumb Code     0  faddsub_clz.o(x$fpl$fsub)
    _fsub                                    0x08003d05   Thumb Code   234  faddsub_clz.o(x$fpl$fsub)
    __fpl_return_NaN                         0x08003def   Thumb Code   100  retnan.o(x$fpl$retnan)
    __ARM_scalbnf                            0x08003e53   Thumb Code    76  scalbnf.o(x$fpl$scalbnf)
    __fpl_cmpreturn                          0x08003e9f   Thumb Code    48  trapv.o(x$fpl$trapveneer)
    AHBPrescTable                            0x08003ece   Data          16  system_stm32f1xx.o(.constdata)
    __I$use$fp                               0x08003ece   Number         0  usenofp.o(x$fpl$usenofp)
    APBPrescTable                            0x08003ede   Data           8  system_stm32f1xx.o(.constdata)
    Region$$Table$$Base                      0x08003ee8   Number         0  anon$$obj.o(Region$$Table)
    Region$$Table$$Limit                     0x08003f08   Number         0  anon$$obj.o(Region$$Table)
    Remote_Flag                              0x20000000   Data           1  main.o(.data)
    SensorData                               0x20000001   Data          20  main.o(.data)
    USART1_RX_Buff                           0x20000015   Data          20  usart.o(.data)
    USART2_RX_Buff                           0x20000029   Data          20  usart.o(.data)
    USART3_RX_Buff                           0x2000003d   Data          21  usart.o(.data)
    USART4_RX_Buff                           0x20000052   Data          20  usart.o(.data)
    USART5_RX_Buff                           0x20000066   Data          20  usart.o(.data)
    Distance_M1_Buff                         0x2000007a   Data          20  usart.o(.data)
    Distance_M2_Buff                         0x2000008e   Data          20  usart.o(.data)
    Distance_Ultrasound_Buff                 0x200000a2   Data          20  usart.o(.data)
    Order_Buff                               0x200000b6   Data          20  usart.o(.data)
    Order2_Buff                              0x200000ca   Data          20  usart.o(.data)
    flag                                     0x200000de   Data           1  stm32f1xx_it.o(.data)
    uwTickFreq                               0x200000e0   Data           1  stm32f1xx_hal.o(.data)
    uwTickPrio                               0x200000e4   Data           4  stm32f1xx_hal.o(.data)
    uwTick                                   0x200000e8   Data           4  stm32f1xx_hal.o(.data)
    SystemCoreClock                          0x200000ec   Data           4  system_stm32f1xx.o(.data)
    htim1                                    0x200000f0   Data          72  tim.o(.bss)
    htim2                                    0x20000138   Data          72  tim.o(.bss)
    htim3                                    0x20000180   Data          72  tim.o(.bss)
    htim4                                    0x200001c8   Data          72  tim.o(.bss)
    huart4                                   0x20000210   Data          68  usart.o(.bss)
    huart5                                   0x20000254   Data          68  usart.o(.bss)
    huart1                                   0x20000298   Data          68  usart.o(.bss)
    huart2                                   0x200002dc   Data          68  usart.o(.bss)
    huart3                                   0x20000320   Data          68  usart.o(.bss)
    hdma_uart4_rx                            0x20000364   Data          68  usart.o(.bss)
    hdma_uart4_tx                            0x200003a8   Data          68  usart.o(.bss)
    hdma_usart1_rx                           0x200003ec   Data          68  usart.o(.bss)
    hdma_usart1_tx                           0x20000430   Data          68  usart.o(.bss)
    hdma_usart2_rx                           0x20000474   Data          68  usart.o(.bss)
    hdma_usart2_tx                           0x200004b8   Data          68  usart.o(.bss)
    hdma_usart3_rx                           0x200004fc   Data          68  usart.o(.bss)
    hdma_usart3_tx                           0x20000540   Data          68  usart.o(.bss)
    __libspace_start                         0x20000584   Data          96  libspace.o(.bss)
    __temporary_stack_top$libspace           0x200005e4   Data           0  libspace.o(.bss)



==============================================================================

Memory Map of the image

  Image Entry point : 0x08000131

  Load Region LR_IROM1 (Base: 0x08000000, Size: 0x00003ff8, Max: 0x00040000, ABSOLUTE)

    Execution Region ER_IROM1 (Exec base: 0x08000000, Load base: 0x08000000, Size: 0x00003f08, Max: 0x00040000, ABSOLUTE)

    Exec Addr    Load Addr    Size         Type   Attr      Idx    E Section Name        Object

    0x08000000   0x08000000   0x00000130   Data   RO            3    RESET               startup_stm32f103xe.o
    0x08000130   0x08000130   0x00000008   Code   RO         3067  * !!!main             c_w.l(__main.o)
    0x08000138   0x08000138   0x00000034   Code   RO         3273    !!!scatter          c_w.l(__scatter.o)
    0x0800016c   0x0800016c   0x0000001a   Code   RO         3275    !!handler_copy      c_w.l(__scatter_copy.o)
    0x08000186   0x08000186   0x00000002   PAD
    0x08000188   0x08000188   0x0000001c   Code   RO         3277    !!handler_zi        c_w.l(__scatter_zi.o)
    0x080001a4   0x080001a4   0x00000002   Code   RO         3139    .ARM.Collect$$libinit$$00000000  c_w.l(libinit.o)
    0x080001a6   0x080001a6   0x00000000   Code   RO         3148    .ARM.Collect$$libinit$$00000002  c_w.l(libinit2.o)
    0x080001a6   0x080001a6   0x00000000   Code   RO         3150    .ARM.Collect$$libinit$$00000004  c_w.l(libinit2.o)
    0x080001a6   0x080001a6   0x00000000   Code   RO         3153    .ARM.Collect$$libinit$$0000000A  c_w.l(libinit2.o)
    0x080001a6   0x080001a6   0x00000000   Code   RO         3155    .ARM.Collect$$libinit$$0000000C  c_w.l(libinit2.o)
    0x080001a6   0x080001a6   0x00000000   Code   RO         3157    .ARM.Collect$$libinit$$0000000E  c_w.l(libinit2.o)
    0x080001a6   0x080001a6   0x00000000   Code   RO         3160    .ARM.Collect$$libinit$$00000011  c_w.l(libinit2.o)
    0x080001a6   0x080001a6   0x00000000   Code   RO         3162    .ARM.Collect$$libinit$$00000013  c_w.l(libinit2.o)
    0x080001a6   0x080001a6   0x00000000   Code   RO         3164    .ARM.Collect$$libinit$$00000015  c_w.l(libinit2.o)
    0x080001a6   0x080001a6   0x00000000   Code   RO         3166    .ARM.Collect$$libinit$$00000017  c_w.l(libinit2.o)
    0x080001a6   0x080001a6   0x00000000   Code   RO         3168    .ARM.Collect$$libinit$$00000019  c_w.l(libinit2.o)
    0x080001a6   0x080001a6   0x00000000   Code   RO         3170    .ARM.Collect$$libinit$$0000001B  c_w.l(libinit2.o)
    0x080001a6   0x080001a6   0x00000000   Code   RO         3172    .ARM.Collect$$libinit$$0000001D  c_w.l(libinit2.o)
    0x080001a6   0x080001a6   0x00000000   Code   RO         3174    .ARM.Collect$$libinit$$0000001F  c_w.l(libinit2.o)
    0x080001a6   0x080001a6   0x00000000   Code   RO         3176    .ARM.Collect$$libinit$$00000021  c_w.l(libinit2.o)
    0x080001a6   0x080001a6   0x00000000   Code   RO         3178    .ARM.Collect$$libinit$$00000023  c_w.l(libinit2.o)
    0x080001a6   0x080001a6   0x00000000   Code   RO         3180    .ARM.Collect$$libinit$$00000025  c_w.l(libinit2.o)
    0x080001a6   0x080001a6   0x00000000   Code   RO         3184    .ARM.Collect$$libinit$$0000002C  c_w.l(libinit2.o)
    0x080001a6   0x080001a6   0x00000000   Code   RO         3186    .ARM.Collect$$libinit$$0000002E  c_w.l(libinit2.o)
    0x080001a6   0x080001a6   0x00000000   Code   RO         3188    .ARM.Collect$$libinit$$00000030  c_w.l(libinit2.o)
    0x080001a6   0x080001a6   0x00000000   Code   RO         3190    .ARM.Collect$$libinit$$00000032  c_w.l(libinit2.o)
    0x080001a6   0x080001a6   0x00000002   Code   RO         3191    .ARM.Collect$$libinit$$00000033  c_w.l(libinit2.o)
    0x080001a8   0x080001a8   0x00000002   Code   RO         3211    .ARM.Collect$$libshutdown$$00000000  c_w.l(libshutdown.o)
    0x080001aa   0x080001aa   0x00000000   Code   RO         3224    .ARM.Collect$$libshutdown$$00000002  c_w.l(libshutdown2.o)
    0x080001aa   0x080001aa   0x00000000   Code   RO         3226    .ARM.Collect$$libshutdown$$00000004  c_w.l(libshutdown2.o)
    0x080001aa   0x080001aa   0x00000000   Code   RO         3228    .ARM.Collect$$libshutdown$$00000006  c_w.l(libshutdown2.o)
    0x080001aa   0x080001aa   0x00000000   Code   RO         3231    .ARM.Collect$$libshutdown$$00000009  c_w.l(libshutdown2.o)
    0x080001aa   0x080001aa   0x00000000   Code   RO         3234    .ARM.Collect$$libshutdown$$0000000C  c_w.l(libshutdown2.o)
    0x080001aa   0x080001aa   0x00000000   Code   RO         3236    .ARM.Collect$$libshutdown$$0000000E  c_w.l(libshutdown2.o)
    0x080001aa   0x080001aa   0x00000000   Code   RO         3239    .ARM.Collect$$libshutdown$$00000011  c_w.l(libshutdown2.o)
    0x080001aa   0x080001aa   0x00000002   Code   RO         3240    .ARM.Collect$$libshutdown$$00000012  c_w.l(libshutdown2.o)
    0x080001ac   0x080001ac   0x00000000   Code   RO         3099    .ARM.Collect$$rtentry$$00000000  c_w.l(__rtentry.o)
    0x080001ac   0x080001ac   0x00000000   Code   RO         3114    .ARM.Collect$$rtentry$$00000002  c_w.l(__rtentry2.o)
    0x080001ac   0x080001ac   0x00000006   Code   RO         3126    .ARM.Collect$$rtentry$$00000004  c_w.l(__rtentry4.o)
    0x080001b2   0x080001b2   0x00000000   Code   RO         3116    .ARM.Collect$$rtentry$$00000009  c_w.l(__rtentry2.o)
    0x080001b2   0x080001b2   0x00000004   Code   RO         3117    .ARM.Collect$$rtentry$$0000000A  c_w.l(__rtentry2.o)
    0x080001b6   0x080001b6   0x00000000   Code   RO         3119    .ARM.Collect$$rtentry$$0000000C  c_w.l(__rtentry2.o)
    0x080001b6   0x080001b6   0x00000008   Code   RO         3120    .ARM.Collect$$rtentry$$0000000D  c_w.l(__rtentry2.o)
    0x080001be   0x080001be   0x00000002   Code   RO         3145    .ARM.Collect$$rtexit$$00000000  c_w.l(rtexit.o)
    0x080001c0   0x080001c0   0x00000000   Code   RO         3193    .ARM.Collect$$rtexit$$00000002  c_w.l(rtexit2.o)
    0x080001c0   0x080001c0   0x00000004   Code   RO         3194    .ARM.Collect$$rtexit$$00000003  c_w.l(rtexit2.o)
    0x080001c4   0x080001c4   0x00000006   Code   RO         3195    .ARM.Collect$$rtexit$$00000004  c_w.l(rtexit2.o)
    0x080001ca   0x080001ca   0x00000002   PAD
    0x080001cc   0x080001cc   0x00000040   Code   RO            4    .text               startup_stm32f103xe.o
    0x0800020c   0x0800020c   0x00000044   Code   RO         3061    .text               c_w.l(rt_memclr.o)
    0x08000250   0x08000250   0x0000004e   Code   RO         3063    .text               c_w.l(rt_memclr_w.o)
    0x0800029e   0x0800029e   0x00000006   Code   RO         3065    .text               c_w.l(heapauxi.o)
    0x080002a4   0x080002a4   0x0000004a   Code   RO         3130    .text               c_w.l(sys_stackheap_outer.o)
    0x080002ee   0x080002ee   0x00000012   Code   RO         3132    .text               c_w.l(exit.o)
    0x08000300   0x08000300   0x00000008   Code   RO         3142    .text               c_w.l(libspace.o)
    0x08000308   0x08000308   0x0000000c   Code   RO         3203    .text               c_w.l(sys_exit.o)
    0x08000314   0x08000314   0x00000002   Code   RO         3214    .text               c_w.l(use_no_semi.o)
    0x08000316   0x08000316   0x00000000   Code   RO         3216    .text               c_w.l(indicate_semi.o)
    0x08000316   0x08000316   0x00000002   Code   RO          479    i.BusFault_Handler  stm32f1xx_it.o
    0x08000318   0x08000318   0x0000000c   Code   RO          480    i.DMA1_Channel2_IRQHandler  stm32f1xx_it.o
    0x08000324   0x08000324   0x0000000c   Code   RO          481    i.DMA1_Channel3_IRQHandler  stm32f1xx_it.o
    0x08000330   0x08000330   0x0000000c   Code   RO          482    i.DMA1_Channel4_IRQHandler  stm32f1xx_it.o
    0x0800033c   0x0800033c   0x0000000c   Code   RO          483    i.DMA1_Channel5_IRQHandler  stm32f1xx_it.o
    0x08000348   0x08000348   0x0000000c   Code   RO          484    i.DMA1_Channel6_IRQHandler  stm32f1xx_it.o
    0x08000354   0x08000354   0x0000000c   Code   RO          485    i.DMA1_Channel7_IRQHandler  stm32f1xx_it.o
    0x08000360   0x08000360   0x0000000c   Code   RO          486    i.DMA2_Channel3_IRQHandler  stm32f1xx_it.o
    0x0800036c   0x0800036c   0x0000000c   Code   RO          487    i.DMA2_Channel4_5_IRQHandler  stm32f1xx_it.o
    0x08000378   0x08000378   0x0000002a   Code   RO         2068    i.DMA_SetConfig     stm32f1xx_hal_dma.o
    0x080003a2   0x080003a2   0x00000002   Code   RO          488    i.DebugMon_Handler  stm32f1xx_it.o
    0x080003a4   0x080003a4   0x00000004   Code   RO          228    i.Error_Handler     main.o
    0x080003a8   0x080003a8   0x00000046   Code   RO         2069    i.HAL_DMA_Abort     stm32f1xx_hal_dma.o
    0x080003ee   0x080003ee   0x00000002   PAD
    0x080003f0   0x080003f0   0x00000130   Code   RO         2070    i.HAL_DMA_Abort_IT  stm32f1xx_hal_dma.o
    0x08000520   0x08000520   0x00000248   Code   RO         2074    i.HAL_DMA_IRQHandler  stm32f1xx_hal_dma.o
    0x08000768   0x08000768   0x0000007c   Code   RO         2075    i.HAL_DMA_Init      stm32f1xx_hal_dma.o
    0x080007e4   0x080007e4   0x00000070   Code   RO         2079    i.HAL_DMA_Start_IT  stm32f1xx_hal_dma.o
    0x08000854   0x08000854   0x00000024   Code   RO         1697    i.HAL_Delay         stm32f1xx_hal.o
    0x08000878   0x08000878   0x000001f8   Code   RO         2005    i.HAL_GPIO_Init     stm32f1xx_hal_gpio.o
    0x08000a70   0x08000a70   0x0000000a   Code   RO         2007    i.HAL_GPIO_ReadPin  stm32f1xx_hal_gpio.o
    0x08000a7a   0x08000a7a   0x00000010   Code   RO         2008    i.HAL_GPIO_TogglePin  stm32f1xx_hal_gpio.o
    0x08000a8a   0x08000a8a   0x0000000a   Code   RO         2009    i.HAL_GPIO_WritePin  stm32f1xx_hal_gpio.o
    0x08000a94   0x08000a94   0x0000000c   Code   RO         1701    i.HAL_GetTick       stm32f1xx_hal.o
    0x08000aa0   0x08000aa0   0x00000010   Code   RO         1707    i.HAL_IncTick       stm32f1xx_hal.o
    0x08000ab0   0x08000ab0   0x00000024   Code   RO         1708    i.HAL_Init          stm32f1xx_hal.o
    0x08000ad4   0x08000ad4   0x00000040   Code   RO         1709    i.HAL_InitTick      stm32f1xx_hal.o
    0x08000b14   0x08000b14   0x0000003c   Code   RO          657    i.HAL_MspInit       stm32f1xx_hal_msp.o
    0x08000b50   0x08000b50   0x0000001a   Code   RO         2165    i.HAL_NVIC_EnableIRQ  stm32f1xx_hal_cortex.o
    0x08000b6a   0x08000b6a   0x00000002   PAD
    0x08000b6c   0x08000b6c   0x00000040   Code   RO         2171    i.HAL_NVIC_SetPriority  stm32f1xx_hal_cortex.o
    0x08000bac   0x08000bac   0x00000024   Code   RO         2172    i.HAL_NVIC_SetPriorityGrouping  stm32f1xx_hal_cortex.o
    0x08000bd0   0x08000bd0   0x0000012c   Code   RO         1865    i.HAL_RCC_ClockConfig  stm32f1xx_hal_rcc.o
    0x08000cfc   0x08000cfc   0x00000020   Code   RO         1872    i.HAL_RCC_GetPCLK1Freq  stm32f1xx_hal_rcc.o
    0x08000d1c   0x08000d1c   0x00000020   Code   RO         1873    i.HAL_RCC_GetPCLK2Freq  stm32f1xx_hal_rcc.o
    0x08000d3c   0x08000d3c   0x0000006c   Code   RO         1874    i.HAL_RCC_GetSysClockFreq  stm32f1xx_hal_rcc.o
    0x08000da8   0x08000da8   0x00000320   Code   RO         1877    i.HAL_RCC_OscConfig  stm32f1xx_hal_rcc.o
    0x080010c8   0x080010c8   0x00000028   Code   RO         2176    i.HAL_SYSTICK_Config  stm32f1xx_hal_cortex.o
    0x080010f0   0x080010f0   0x00000002   Code   RO         1423    i.HAL_TIMEx_BreakCallback  stm32f1xx_hal_tim_ex.o
    0x080010f2   0x080010f2   0x00000002   Code   RO         1424    i.HAL_TIMEx_CommutCallback  stm32f1xx_hal_tim_ex.o
    0x080010f4   0x080010f4   0x00000054   Code   RO         1426    i.HAL_TIMEx_ConfigBreakDeadTime  stm32f1xx_hal_tim_ex.o
    0x08001148   0x08001148   0x0000007c   Code   RO         1442    i.HAL_TIMEx_MasterConfigSynchronization  stm32f1xx_hal_tim_ex.o
    0x080011c4   0x080011c4   0x0000005a   Code   RO          719    i.HAL_TIM_Base_Init  stm32f1xx_hal_tim.o
    0x0800121e   0x0800121e   0x00000002   PAD
    0x08001220   0x08001220   0x00000054   Code   RO          323    i.HAL_TIM_Base_MspInit  tim.o
    0x08001274   0x08001274   0x0000006c   Code   RO          724    i.HAL_TIM_Base_Start_IT  stm32f1xx_hal_tim.o
    0x080012e0   0x080012e0   0x000000d6   Code   RO          728    i.HAL_TIM_ConfigClockSource  stm32f1xx_hal_tim.o
    0x080013b6   0x080013b6   0x000000a4   Code   RO          740    i.HAL_TIM_Encoder_Init  stm32f1xx_hal_tim.o
    0x0800145a   0x0800145a   0x00000002   PAD
    0x0800145c   0x0800145c   0x000000a4   Code   RO          325    i.HAL_TIM_Encoder_MspInit  tim.o
    0x08001500   0x08001500   0x0000008e   Code   RO          743    i.HAL_TIM_Encoder_Start  stm32f1xx_hal_tim.o
    0x0800158e   0x0800158e   0x00000002   Code   RO          753    i.HAL_TIM_IC_CaptureCallback  stm32f1xx_hal_tim.o
    0x08001590   0x08001590   0x00000166   Code   RO          767    i.HAL_TIM_IRQHandler  stm32f1xx_hal_tim.o
    0x080016f6   0x080016f6   0x00000002   PAD
    0x080016f8   0x080016f8   0x00000064   Code   RO          326    i.HAL_TIM_MspPostInit  tim.o
    0x0800175c   0x0800175c   0x00000002   Code   RO          770    i.HAL_TIM_OC_DelayElapsedCallback  stm32f1xx_hal_tim.o
    0x0800175e   0x0800175e   0x000000c6   Code   RO          791    i.HAL_TIM_PWM_ConfigChannel  stm32f1xx_hal_tim.o
    0x08001824   0x08001824   0x0000005a   Code   RO          794    i.HAL_TIM_PWM_Init  stm32f1xx_hal_tim.o
    0x0800187e   0x0800187e   0x00000002   Code   RO          796    i.HAL_TIM_PWM_MspInit  stm32f1xx_hal_tim.o
    0x08001880   0x08001880   0x00000002   Code   RO          797    i.HAL_TIM_PWM_PulseFinishedCallback  stm32f1xx_hal_tim.o
    0x08001882   0x08001882   0x00000002   PAD
    0x08001884   0x08001884   0x000000b4   Code   RO          799    i.HAL_TIM_PWM_Start  stm32f1xx_hal_tim.o
    0x08001938   0x08001938   0x00000002   Code   RO          805    i.HAL_TIM_PeriodElapsedCallback  stm32f1xx_hal_tim.o
    0x0800193a   0x0800193a   0x00000002   Code   RO          810    i.HAL_TIM_TriggerCallback  stm32f1xx_hal_tim.o
    0x0800193c   0x0800193c   0x00000002   Code   RO         2676    i.HAL_UARTEx_RxEventCallback  stm32f1xx_hal_uart.o
    0x0800193e   0x0800193e   0x00000058   Code   RO         2688    i.HAL_UART_DMAStop  stm32f1xx_hal_uart.o
    0x08001996   0x08001996   0x00000002   Code   RO         2690    i.HAL_UART_ErrorCallback  stm32f1xx_hal_uart.o
    0x08001998   0x08001998   0x0000020c   Code   RO         2693    i.HAL_UART_IRQHandler  stm32f1xx_hal_uart.o
    0x08001ba4   0x08001ba4   0x00000062   Code   RO         2694    i.HAL_UART_Init     stm32f1xx_hal_uart.o
    0x08001c06   0x08001c06   0x00000002   PAD
    0x08001c08   0x08001c08   0x000003a8   Code   RO          402    i.HAL_UART_MspInit  usart.o
    0x08001fb0   0x08001fb0   0x0000002a   Code   RO         2698    i.HAL_UART_Receive_DMA  stm32f1xx_hal_uart.o
    0x08001fda   0x08001fda   0x0000002a   Code   RO         2699    i.HAL_UART_Receive_IT  stm32f1xx_hal_uart.o
    0x08002004   0x08002004   0x00000002   Code   RO         2700    i.HAL_UART_RxCpltCallback  stm32f1xx_hal_uart.o
    0x08002006   0x08002006   0x00000002   Code   RO         2701    i.HAL_UART_RxHalfCpltCallback  stm32f1xx_hal_uart.o
    0x08002008   0x08002008   0x00000080   Code   RO         2703    i.HAL_UART_Transmit_DMA  stm32f1xx_hal_uart.o
    0x08002088   0x08002088   0x00000002   Code   RO         2705    i.HAL_UART_TxCpltCallback  stm32f1xx_hal_uart.o
    0x0800208a   0x0800208a   0x00000002   Code   RO         2706    i.HAL_UART_TxHalfCpltCallback  stm32f1xx_hal_uart.o
    0x0800208c   0x0800208c   0x00000002   Code   RO          489    i.HardFault_Handler  stm32f1xx_it.o
    0x0800208e   0x0800208e   0x00000002   PAD
    0x08002090   0x08002090   0x00000064   Code   RO           14    i.IIC_Init          myiic.o
    0x080020f4   0x080020f4   0x00000078   Code   RO           17    i.IIC_Send_Byte     myiic.o
    0x0800216c   0x0800216c   0x00000058   Code   RO           18    i.IIC_Start         myiic.o
    0x080021c4   0x080021c4   0x00000058   Code   RO           19    i.IIC_Stop          myiic.o
    0x0800221c   0x0800221c   0x00000070   Code   RO           20    i.IIC_Wait_Ack      myiic.o
    0x0800228c   0x0800228c   0x00000038   Code   RO           21    i.MCP4725_WriteThreeByte  myiic.o
    0x080022c4   0x080022c4   0x000000ac   Code   RO          298    i.MX_DMA_Init       dma.o
    0x08002370   0x08002370   0x000000dc   Code   RO          274    i.MX_GPIO_Init      gpio.o
    0x0800244c   0x0800244c   0x000000e4   Code   RO          327    i.MX_TIM1_Init      tim.o
    0x08002530   0x08002530   0x0000006c   Code   RO          328    i.MX_TIM2_Init      tim.o
    0x0800259c   0x0800259c   0x0000006c   Code   RO          329    i.MX_TIM3_Init      tim.o
    0x08002608   0x08002608   0x0000006c   Code   RO          330    i.MX_TIM4_Init      tim.o
    0x08002674   0x08002674   0x00000050   Code   RO          403    i.MX_UART4_Init     usart.o
    0x080026c4   0x080026c4   0x00000050   Code   RO          404    i.MX_UART5_Init     usart.o
    0x08002714   0x08002714   0x00000050   Code   RO          405    i.MX_USART1_UART_Init  usart.o
    0x08002764   0x08002764   0x00000050   Code   RO          406    i.MX_USART2_UART_Init  usart.o
    0x080027b4   0x080027b4   0x00000050   Code   RO          407    i.MX_USART3_UART_Init  usart.o
    0x08002804   0x08002804   0x00000002   Code   RO          490    i.MemManage_Handler  stm32f1xx_it.o
    0x08002806   0x08002806   0x00000002   Code   RO          491    i.NMI_Handler       stm32f1xx_it.o
    0x08002808   0x08002808   0x00000248   Code   RO          179    i.Order_Juge        control.o
    0x08002a50   0x08002a50   0x00000002   Code   RO          492    i.PendSV_Handler    stm32f1xx_it.o
    0x08002a52   0x08002a52   0x00000002   Code   RO          493    i.SVC_Handler       stm32f1xx_it.o
    0x08002a54   0x08002a54   0x00000044   Code   RO           22    i.Set_OutVol_Fast   myiic.o
    0x08002a98   0x08002a98   0x00000004   Code   RO          494    i.SysTick_Handler   stm32f1xx_it.o
    0x08002a9c   0x08002a9c   0x0000005e   Code   RO          229    i.SystemClock_Config  main.o
    0x08002afa   0x08002afa   0x00000002   Code   RO         3023    i.SystemInit        system_stm32f1xx.o
    0x08002afc   0x08002afc   0x0000000c   Code   RO          495    i.TIM2_IRQHandler   stm32f1xx_it.o
    0x08002b08   0x08002b08   0x0000000c   Code   RO          496    i.TIM3_IRQHandler   stm32f1xx_it.o
    0x08002b14   0x08002b14   0x0000001c   Code   RO          497    i.TIM4_IRQHandler   stm32f1xx_it.o
    0x08002b30   0x08002b30   0x0000008c   Code   RO          812    i.TIM_Base_SetConfig  stm32f1xx_hal_tim.o
    0x08002bbc   0x08002bbc   0x0000001a   Code   RO          813    i.TIM_CCxChannelCmd  stm32f1xx_hal_tim.o
    0x08002bd6   0x08002bd6   0x00000014   Code   RO          823    i.TIM_ETR_SetConfig  stm32f1xx_hal_tim.o
    0x08002bea   0x08002bea   0x00000010   Code   RO          824    i.TIM_ITRx_SetConfig  stm32f1xx_hal_tim.o
    0x08002bfa   0x08002bfa   0x00000002   PAD
    0x08002bfc   0x08002bfc   0x00000060   Code   RO          825    i.TIM_OC1_SetConfig  stm32f1xx_hal_tim.o
    0x08002c5c   0x08002c5c   0x0000006c   Code   RO          826    i.TIM_OC2_SetConfig  stm32f1xx_hal_tim.o
    0x08002cc8   0x08002cc8   0x00000068   Code   RO          827    i.TIM_OC3_SetConfig  stm32f1xx_hal_tim.o
    0x08002d30   0x08002d30   0x00000050   Code   RO          828    i.TIM_OC4_SetConfig  stm32f1xx_hal_tim.o
    0x08002d80   0x08002d80   0x00000022   Code   RO          830    i.TIM_TI1_ConfigInputStage  stm32f1xx_hal_tim.o
    0x08002da2   0x08002da2   0x00000024   Code   RO          832    i.TIM_TI2_ConfigInputStage  stm32f1xx_hal_tim.o
    0x08002dc6   0x08002dc6   0x00000002   PAD
    0x08002dc8   0x08002dc8   0x00000064   Code   RO          498    i.UART4_IRQHandler  stm32f1xx_it.o
    0x08002e2c   0x08002e2c   0x00000048   Code   RO          499    i.UART5_IRQHandler  stm32f1xx_it.o
    0x08002e74   0x08002e74   0x00000010   Code   RO         2707    i.UART_DMAAbortOnError  stm32f1xx_hal_uart.o
    0x08002e84   0x08002e84   0x0000004a   Code   RO         2708    i.UART_DMAError     stm32f1xx_hal_uart.o
    0x08002ece   0x08002ece   0x0000005a   Code   RO         2709    i.UART_DMAReceiveCplt  stm32f1xx_hal_uart.o
    0x08002f28   0x08002f28   0x0000001a   Code   RO         2711    i.UART_DMARxHalfCplt  stm32f1xx_hal_uart.o
    0x08002f42   0x08002f42   0x0000002e   Code   RO         2713    i.UART_DMATransmitCplt  stm32f1xx_hal_uart.o
    0x08002f70   0x08002f70   0x0000000a   Code   RO         2715    i.UART_DMATxHalfCplt  stm32f1xx_hal_uart.o
    0x08002f7a   0x08002f7a   0x00000030   Code   RO         2717    i.UART_EndRxTransfer  stm32f1xx_hal_uart.o
    0x08002faa   0x08002faa   0x00000012   Code   RO         2718    i.UART_EndTxTransfer  stm32f1xx_hal_uart.o
    0x08002fbc   0x08002fbc   0x000000b6   Code   RO         2719    i.UART_Receive_IT   stm32f1xx_hal_uart.o
    0x08003072   0x08003072   0x00000002   PAD
    0x08003074   0x08003074   0x000000b8   Code   RO         2720    i.UART_SetConfig    stm32f1xx_hal_uart.o
    0x0800312c   0x0800312c   0x00000070   Code   RO         2721    i.UART_Start_Receive_DMA  stm32f1xx_hal_uart.o
    0x0800319c   0x0800319c   0x00000036   Code   RO         2722    i.UART_Start_Receive_IT  stm32f1xx_hal_uart.o
    0x080031d2   0x080031d2   0x00000002   PAD
    0x080031d4   0x080031d4   0x00000088   Code   RO          500    i.USART1_IRQHandler  stm32f1xx_it.o
    0x0800325c   0x0800325c   0x000000a8   Code   RO          501    i.USART2_IRQHandler  stm32f1xx_it.o
    0x08003304   0x08003304   0x00000064   Code   RO          502    i.USART3_IRQHandler  stm32f1xx_it.o
    0x08003368   0x08003368   0x00000002   Code   RO          503    i.UsageFault_Handler  stm32f1xx_it.o
    0x0800336a   0x0800336a   0x00000020   Code   RO         2178    i.__NVIC_SetPriority  stm32f1xx_hal_cortex.o
    0x0800338a   0x0800338a   0x00000002   PAD
    0x0800338c   0x0800338c   0x000001a8   Code   RO          230    i.main              main.o
    0x08003534   0x08003534   0x00000062   Code   RO         3069    x$fpl$d2f           fz_ws.l(d2f.o)
    0x08003596   0x08003596   0x00000002   PAD
    0x08003598   0x08003598   0x000002b0   Code   RO         3072    x$fpl$ddiv          fz_ws.l(ddiv.o)
    0x08003848   0x08003848   0x0000005a   Code   RO         3075    x$fpl$dfixu         fz_ws.l(dfixu.o)
    0x080038a2   0x080038a2   0x00000026   Code   RO         3079    x$fpl$dfltu         fz_ws.l(dflt_clz.o)
    0x080038c8   0x080038c8   0x00000154   Code   RO         3085    x$fpl$dmul          fz_ws.l(dmul.o)
    0x08003a1c   0x08003a1c   0x0000009c   Code   RO         3100    x$fpl$dnaninf       fz_ws.l(dnaninf.o)
    0x08003ab8   0x08003ab8   0x0000000c   Code   RO         3102    x$fpl$dretinf       fz_ws.l(dretinf.o)
    0x08003ac4   0x08003ac4   0x00000056   Code   RO         3087    x$fpl$f2d           fz_ws.l(f2d.o)
    0x08003b1a   0x08003b1a   0x00000002   PAD
    0x08003b1c   0x08003b1c   0x000000c4   Code   RO         3089    x$fpl$fadd          fz_ws.l(faddsub_clz.o)
    0x08003be0   0x08003be0   0x0000000c   Code   RO         3104    x$fpl$fcheck1       fz_ws.l(fcheck1.o)
    0x08003bec   0x08003bec   0x00000018   Code   RO         3106    x$fpl$fcmpinf       fz_ws.l(fcmpi.o)
    0x08003c04   0x08003c04   0x00000068   Code   RO         3095    x$fpl$feqf          fz_ws.l(feqf.o)
    0x08003c6c   0x08003c6c   0x0000008c   Code   RO         3108    x$fpl$fnaninf       fz_ws.l(fnaninf.o)
    0x08003cf8   0x08003cf8   0x0000000a   Code   RO         3110    x$fpl$fretinf       fz_ws.l(fretinf.o)
    0x08003d02   0x08003d02   0x00000002   PAD
    0x08003d04   0x08003d04   0x000000ea   Code   RO         3091    x$fpl$fsub          fz_ws.l(faddsub_clz.o)
    0x08003dee   0x08003dee   0x00000064   Code   RO         3128    x$fpl$retnan        fz_ws.l(retnan.o)
    0x08003e52   0x08003e52   0x0000004c   Code   RO         3097    x$fpl$scalbnf       fz_ws.l(scalbnf.o)
    0x08003e9e   0x08003e9e   0x00000030   Code   RO         3140    x$fpl$trapveneer    fz_ws.l(trapv.o)
    0x08003ece   0x08003ece   0x00000000   Code   RO         3112    x$fpl$usenofp       fz_ws.l(usenofp.o)
    0x08003ece   0x08003ece   0x00000010   Data   RO         3024    .constdata          system_stm32f1xx.o
    0x08003ede   0x08003ede   0x00000008   Data   RO         3025    .constdata          system_stm32f1xx.o
    0x08003ee6   0x08003ee6   0x00000002   PAD
    0x08003ee8   0x08003ee8   0x00000020   Data   RO         3271    Region$$Table       anon$$obj.o


    Execution Region RW_IRAM1 (Exec base: 0x20000000, Load base: 0x08003f08, Size: 0x00000be8, Max: 0x0000c000, ABSOLUTE)

    Exec Addr    Load Addr    Size         Type   Attr      Idx    E Section Name        Object

    0x20000000   0x08003f08   0x00000015   Data   RW          231    .data               main.o
    0x20000015   0x08003f1d   0x00000065   Data   RW          410    .data               usart.o
    0x2000007a   0x08003f82   0x00000014   Data   RW          411    .data               usart.o
    0x2000008e   0x08003f96   0x00000014   Data   RW          412    .data               usart.o
    0x200000a2   0x08003faa   0x00000014   Data   RW          413    .data               usart.o
    0x200000b6   0x08003fbe   0x00000014   Data   RW          414    .data               usart.o
    0x200000ca   0x08003fd2   0x00000014   Data   RW          415    .data               usart.o
    0x200000de   0x08003fe6   0x00000001   Data   RW          504    .data               stm32f1xx_it.o
    0x200000df   0x08003fe7   0x00000001   PAD
    0x200000e0   0x08003fe8   0x0000000c   Data   RW         1715    .data               stm32f1xx_hal.o
    0x200000ec   0x08003ff4   0x00000004   Data   RW         3026    .data               system_stm32f1xx.o
    0x200000f0        -       0x00000120   Zero   RW          331    .bss                tim.o
    0x20000210        -       0x00000374   Zero   RW          409    .bss                usart.o
    0x20000584        -       0x00000060   Zero   RW         3143    .bss                c_w.l(libspace.o)
    0x200005e4   0x08003ff8   0x00000004   PAD
    0x200005e8        -       0x00000200   Zero   RW            2    HEAP                startup_stm32f103xe.o
    0x200007e8        -       0x00000400   Zero   RW            1    STACK               startup_stm32f103xe.o


==============================================================================

Image component sizes


      Code (inc. data)   RO Data    RW Data    ZI Data      Debug   Object Name

       584         34          0          0          0       1849   control.o
       172          4          0          0          0        946   dma.o
       220         16          0          0          0       1107   gpio.o
       522         52          0         21          0       3111   main.o
       632         40          0          0          0     490684   myiic.o
        64         26        304          0       1536        808   startup_stm32f103xe.o
       164         28          0         12          0       6893   stm32f1xx_hal.o
       198         14          0          0          0      29235   stm32f1xx_hal_cortex.o
      1236         52          0          0          0       5454   stm32f1xx_hal_dma.o
       540         42          0          0          0       4388   stm32f1xx_hal_gpio.o
        60          8          0          0          0        966   stm32f1xx_hal_msp.o
      1272        100          0          0          0       5476   stm32f1xx_hal_rcc.o
      2216         96          0          0          0      19741   stm32f1xx_hal_tim.o
       212         20          0          0          0       3397   stm32f1xx_hal_tim_ex.o
      1794         38          0          0          0      17657   stm32f1xx_hal_uart.o
       744        152          0          1          0      15060   stm32f1xx_it.o
         2          0         24          4          0       1263   system_stm32f1xx.o
       900         74          0          0        288       5614   tim.o
      1336        128          0        201        884       6121   usart.o

    ----------------------------------------------------------------------
     12894        924        362        240       2708     619770   Object Totals
         0          0         32          0          0          0   (incl. Generated)
        26          0          2          1          0          0   (incl. Padding)

    ----------------------------------------------------------------------

      Code (inc. data)   RO Data    RW Data    ZI Data      Debug   Library Member Name

         8          0          0          0          0         68   __main.o
         0          0          0          0          0          0   __rtentry.o
        12          0          0          0          0          0   __rtentry2.o
         6          0          0          0          0          0   __rtentry4.o
        52          8          0          0          0          0   __scatter.o
        26          0          0          0          0          0   __scatter_copy.o
        28          0          0          0          0          0   __scatter_zi.o
        18          0          0          0          0         80   exit.o
         6          0          0          0          0        152   heapauxi.o
         0          0          0          0          0          0   indicate_semi.o
         2          0          0          0          0          0   libinit.o
         2          0          0          0          0          0   libinit2.o
         2          0          0          0          0          0   libshutdown.o
         2          0          0          0          0          0   libshutdown2.o
         8          4          0          0         96         68   libspace.o
        68          0          0          0          0         68   rt_memclr.o
        78          0          0          0          0         80   rt_memclr_w.o
         2          0          0          0          0          0   rtexit.o
        10          0          0          0          0          0   rtexit2.o
        12          4          0          0          0         68   sys_exit.o
        74          0          0          0          0         80   sys_stackheap_outer.o
         2          0          0          0          0         68   use_no_semi.o
        98          4          0          0          0         92   d2f.o
       688        140          0          0          0        208   ddiv.o
        90          4          0          0          0         92   dfixu.o
        38          0          0          0          0         68   dflt_clz.o
       340         12          0          0          0        104   dmul.o
       156          4          0          0          0         92   dnaninf.o
        12          0          0          0          0         68   dretinf.o
        86          4          0          0          0         84   f2d.o
       430          8          0          0          0        168   faddsub_clz.o
        12          4          0          0          0         68   fcheck1.o
        24          0          0          0          0         68   fcmpi.o
       104          4          0          0          0         84   feqf.o
       140          4          0          0          0         84   fnaninf.o
        10          0          0          0          0         68   fretinf.o
       100          0          0          0          0         68   retnan.o
        76          0          0          0          0         68   scalbnf.o
        48          0          0          0          0         68   trapv.o
         0          0          0          0          0          0   usenofp.o

    ----------------------------------------------------------------------
      2880        204          0          0        100       2284   Library Totals
        10          0          0          0          4          0   (incl. Padding)

    ----------------------------------------------------------------------

      Code (inc. data)   RO Data    RW Data    ZI Data      Debug   Library Name

       418         16          0          0         96        732   c_w.l
      2452        188          0          0          0       1552   fz_ws.l

    ----------------------------------------------------------------------
      2880        204          0          0        100       2284   Library Totals

    ----------------------------------------------------------------------

==============================================================================


      Code (inc. data)   RO Data    RW Data    ZI Data      Debug   

     15774       1128        362        240       2808     614302   Grand Totals
     15774       1128        362        240       2808     614302   ELF Image Totals
     15774       1128        362        240          0          0   ROM Totals

==============================================================================

    Total RO  Size (Code + RO Data)                16136 (  15.76kB)
    Total RW  Size (RW Data + ZI Data)              3048 (   2.98kB)
    Total ROM Size (Code + RO Data + RW Data)      16376 (  15.99kB)

==============================================================================

